Component: ARM Compiler 5.06 update 7 (build 960) Tool: armlink [4d3601]

==============================================================================

Section Cross References

    startup_stm32h743xx.o(RESET) refers to startup_stm32h743xx.o(STACK) for __initial_sp
    startup_stm32h743xx.o(RESET) refers to startup_stm32h743xx.o(.text) for Reset_Handler
    startup_stm32h743xx.o(RESET) refers to stm32h7xx_it.o(i.NMI_Handler) for NMI_Handler
    startup_stm32h743xx.o(RESET) refers to stm32h7xx_it.o(i.HardFault_Handler) for HardFault_Handler
    startup_stm32h743xx.o(RESET) refers to stm32h7xx_it.o(i.MemManage_Handler) for MemManage_Handler
    startup_stm32h743xx.o(RESET) refers to stm32h7xx_it.o(i.BusFault_Handler) for BusFault_Handler
    startup_stm32h743xx.o(RESET) refers to stm32h7xx_it.o(i.UsageFault_Handler) for UsageFault_Handler
    startup_stm32h743xx.o(RESET) refers to stm32h7xx_it.o(i.SVC_Handler) for SVC_Handler
    startup_stm32h743xx.o(RESET) refers to stm32h7xx_it.o(i.DebugMon_Handler) for DebugMon_Handler
    startup_stm32h743xx.o(RESET) refers to stm32h7xx_it.o(i.PendSV_Handler) for PendSV_Handler
    startup_stm32h743xx.o(RESET) refers to stm32h7xx_it.o(i.SysTick_Handler) for SysTick_Handler
    startup_stm32h743xx.o(RESET) refers to stm32h7xx_it.o(i.EXTI1_IRQHandler) for EXTI1_IRQHandler
    startup_stm32h743xx.o(RESET) refers to stm32h7xx_it.o(i.EXTI2_IRQHandler) for EXTI2_IRQHandler
    startup_stm32h743xx.o(RESET) refers to stm32h7xx_it.o(i.DMA1_Stream0_IRQHandler) for DMA1_Stream0_IRQHandler
    startup_stm32h743xx.o(RESET) refers to stm32h7xx_it.o(i.DMA1_Stream1_IRQHandler) for DMA1_Stream1_IRQHandler
    startup_stm32h743xx.o(RESET) refers to stm32h7xx_it.o(i.DMA1_Stream2_IRQHandler) for DMA1_Stream2_IRQHandler
    startup_stm32h743xx.o(RESET) refers to stm32h7xx_it.o(i.DMA1_Stream3_IRQHandler) for DMA1_Stream3_IRQHandler
    startup_stm32h743xx.o(RESET) refers to stm32h7xx_it.o(i.DMA1_Stream4_IRQHandler) for DMA1_Stream4_IRQHandler
    startup_stm32h743xx.o(RESET) refers to stm32h7xx_it.o(i.DMA1_Stream5_IRQHandler) for DMA1_Stream5_IRQHandler
    startup_stm32h743xx.o(RESET) refers to stm32h7xx_it.o(i.DMA1_Stream6_IRQHandler) for DMA1_Stream6_IRQHandler
    startup_stm32h743xx.o(RESET) refers to stm32h7xx_it.o(i.ADC_IRQHandler) for ADC_IRQHandler
    startup_stm32h743xx.o(RESET) refers to stm32h7xx_it.o(i.FDCAN1_IT0_IRQHandler) for FDCAN1_IT0_IRQHandler
    startup_stm32h743xx.o(RESET) refers to stm32h7xx_it.o(i.FDCAN1_IT1_IRQHandler) for FDCAN1_IT1_IRQHandler
    startup_stm32h743xx.o(RESET) refers to stm32h7xx_it.o(i.SPI1_IRQHandler) for SPI1_IRQHandler
    startup_stm32h743xx.o(RESET) refers to stm32h7xx_it.o(i.SPI2_IRQHandler) for SPI2_IRQHandler
    startup_stm32h743xx.o(RESET) refers to stm32h7xx_it.o(i.EXTI15_10_IRQHandler) for EXTI15_10_IRQHandler
    startup_stm32h743xx.o(RESET) refers to stm32h7xx_it.o(i.DMA1_Stream7_IRQHandler) for DMA1_Stream7_IRQHandler
    startup_stm32h743xx.o(RESET) refers to stm32h7xx_it.o(i.SPI3_IRQHandler) for SPI3_IRQHandler
    startup_stm32h743xx.o(RESET) refers to stm32h7xx_it.o(i.TIM7_IRQHandler) for TIM7_IRQHandler
    startup_stm32h743xx.o(RESET) refers to stm32h7xx_it.o(i.FDCAN_CAL_IRQHandler) for FDCAN_CAL_IRQHandler
    startup_stm32h743xx.o(RESET) refers to stm32h7xx_it.o(i.UART8_IRQHandler) for UART8_IRQHandler
    startup_stm32h743xx.o(RESET) refers to stm32h7xx_it.o(i.ADC3_IRQHandler) for ADC3_IRQHandler
    startup_stm32h743xx.o(.text) refers to system_stm32h7xx.o(i.SystemInit) for SystemInit
    startup_stm32h743xx.o(.text) refers to entry.o(.ARM.Collect$$$$00000000) for __main
    main.o(i.MPU_Config) refers to stm32h7xx_hal_cortex.o(i.HAL_MPU_Disable) for HAL_MPU_Disable
    main.o(i.MPU_Config) refers to stm32h7xx_hal_cortex.o(i.HAL_MPU_ConfigRegion) for HAL_MPU_ConfigRegion
    main.o(i.MPU_Config) refers to stm32h7xx_hal_cortex.o(i.HAL_MPU_Enable) for HAL_MPU_Enable
    main.o(i.MX_ADC2_Init) refers to memseta.o(.text) for __aeabi_memclr4
    main.o(i.MX_ADC2_Init) refers to stm32h7xx_hal_adc.o(i.HAL_ADC_Init) for HAL_ADC_Init
    main.o(i.MX_ADC2_Init) refers to main.o(i.Error_Handler) for Error_Handler
    main.o(i.MX_ADC2_Init) refers to stm32h7xx_hal_adc_ex.o(i.HAL_ADCEx_DisableInjectedQueue) for HAL_ADCEx_DisableInjectedQueue
    main.o(i.MX_ADC2_Init) refers to stm32h7xx_hal_adc_ex.o(i.HAL_ADCEx_InjectedConfigChannel) for HAL_ADCEx_InjectedConfigChannel
    main.o(i.MX_ADC2_Init) refers to main.o(.bss) for hadc2
    main.o(i.MX_ADC3_Init) refers to memseta.o(.text) for __aeabi_memclr4
    main.o(i.MX_ADC3_Init) refers to stm32h7xx_hal_adc.o(i.HAL_ADC_Init) for HAL_ADC_Init
    main.o(i.MX_ADC3_Init) refers to main.o(i.Error_Handler) for Error_Handler
    main.o(i.MX_ADC3_Init) refers to stm32h7xx_hal_adc_ex.o(i.HAL_ADCEx_DisableInjectedQueue) for HAL_ADCEx_DisableInjectedQueue
    main.o(i.MX_ADC3_Init) refers to stm32h7xx_hal_adc_ex.o(i.HAL_ADCEx_InjectedConfigChannel) for HAL_ADCEx_InjectedConfigChannel
[...]
    0x08006738   0x08006738   0x0000008c   Code   RO          985    i.HAL_ETH_Start     stm32h7xx_hal_eth.o
    0x080067c4   0x080067c4   0x00000072   Code   RO          987    i.HAL_ETH_Stop      stm32h7xx_hal_eth.o
    0x08006836   0x08006836   0x000000d8   Code   RO          989    i.HAL_ETH_Transmit  stm32h7xx_hal_eth.o
    0x0800690e   0x0800690e   0x00000002   PAD
    0x08006910   0x08006910   0x00000080   Code   RO          993    i.HAL_ETH_WritePHYRegister  stm32h7xx_hal_eth.o
    0x08006990   0x08006990   0x000000a8   Code   RO         5639    i.HAL_FDCAN_ActivateNotification  stm32h7xx_hal_fdcan.o
    0x08006a38   0x08006a38   0x00000090   Code   RO         5641    i.HAL_FDCAN_AddMessageToTxFifoQ  stm32h7xx_hal_fdcan.o
    0x08006ac8   0x08006ac8   0x00000002   Code   RO         5642    i.HAL_FDCAN_ClockCalibrationCallback  stm32h7xx_hal_fdcan.o
    0x08006aca   0x08006aca   0x000000a8   Code   RO         5646    i.HAL_FDCAN_ConfigFilter  stm32h7xx_hal_fdcan.o
    0x08006b72   0x08006b72   0x00000034   Code   RO         5647    i.HAL_FDCAN_ConfigGlobalFilter  stm32h7xx_hal_fdcan.o
    0x08006ba6   0x08006ba6   0x00000002   Code   RO         5668    i.HAL_FDCAN_ErrorCallback  stm32h7xx_hal_fdcan.o
    0x08006ba8   0x08006ba8   0x00000002   Code   RO         5669    i.HAL_FDCAN_ErrorStatusCallback  stm32h7xx_hal_fdcan.o
    0x08006baa   0x08006baa   0x0000001e   Code   RO         5679    i.HAL_FDCAN_GetRxFifoFillLevel  stm32h7xx_hal_fdcan.o
    0x08006bc8   0x08006bc8   0x000001f4   Code   RO         5680    i.HAL_FDCAN_GetRxMessage  stm32h7xx_hal_fdcan.o
    0x08006dbc   0x08006dbc   0x00000002   Code   RO         5686    i.HAL_FDCAN_HighPriorityMessageCallback  stm32h7xx_hal_fdcan.o
    0x08006dbe   0x08006dbe   0x00000002   PAD
    0x08006dc0   0x08006dc0   0x000003ec   Code   RO         5687    i.HAL_FDCAN_IRQHandler  stm32h7xx_hal_fdcan.o
    0x080071ac   0x080071ac   0x000002e0   Code   RO         5688    i.HAL_FDCAN_Init    stm32h7xx_hal_fdcan.o
    0x0800748c   0x0800748c   0x00000124   Code   RO          861    i.HAL_FDCAN_MspInit  stm32h7xx_hal_msp.o
    0x080075b0   0x080075b0   0x00000002   Code   RO         5697    i.HAL_FDCAN_RxBufferNewMessageCallback  stm32h7xx_hal_fdcan.o
    0x080075b2   0x080075b2   0x00000002   PAD
    0x080075b4   0x080075b4   0x00000048   Code   RO        12507    i.HAL_FDCAN_RxFifo0Callback  can_module.o
    0x080075fc   0x080075fc   0x00000002   Code   RO         5699    i.HAL_FDCAN_RxFifo1Callback  stm32h7xx_hal_fdcan.o
    0x080075fe   0x080075fe   0x00000034   Code   RO         5700    i.HAL_FDCAN_Start   stm32h7xx_hal_fdcan.o
    0x08007632   0x08007632   0x00000002   Code   RO         5722    i.HAL_FDCAN_TT_GlobalTimeCallback  stm32h7xx_hal_fdcan.o
    0x08007634   0x08007634   0x00000002   Code   RO         5723    i.HAL_FDCAN_TT_ScheduleSyncCallback  stm32h7xx_hal_fdcan.o
    0x08007636   0x08007636   0x00000002   Code   RO         5728    i.HAL_FDCAN_TT_StopWatchCallback  stm32h7xx_hal_fdcan.o
    0x08007638   0x08007638   0x00000002   Code   RO         5729    i.HAL_FDCAN_TT_TimeMarkCallback  stm32h7xx_hal_fdcan.o
    0x0800763a   0x0800763a   0x00000002   Code   RO         5730    i.HAL_FDCAN_TimeoutOccurredCallback  stm32h7xx_hal_fdcan.o
    0x0800763c   0x0800763c   0x00000002   Code   RO         5731    i.HAL_FDCAN_TimestampWraparoundCallback  stm32h7xx_hal_fdcan.o
    0x0800763e   0x0800763e   0x00000002   Code   RO         5732    i.HAL_FDCAN_TxBufferAbortCallback  stm32h7xx_hal_fdcan.o
    0x08007640   0x08007640   0x00000002   Code   RO         5733    i.HAL_FDCAN_TxBufferCompleteCallback  stm32h7xx_hal_fdcan.o
    0x08007642   0x08007642   0x00000002   Code   RO         5734    i.HAL_FDCAN_TxEventFifoCallback  stm32h7xx_hal_fdcan.o
    0x08007644   0x08007644   0x00000002   Code   RO        12508    i.HAL_FDCAN_TxFifoEmptyCallback  can_module.o
    0x08007646   0x08007646   0x00000002   PAD
    0x08007648   0x08007648   0x0000013c   Code   RO         3253    i.HAL_FLASHEx_Erase  stm32h7xx_hal_flash_ex.o
    0x08007784   0x08007784   0x00000044   Code   RO         3131    i.HAL_FLASH_Lock    stm32h7xx_hal_flash.o
    0x080077c8   0x080077c8   0x00000118   Code   RO         3136    i.HAL_FLASH_Program  stm32h7xx_hal_flash.o
    0x080078e0   0x080078e0   0x00000060   Code   RO         3138    i.HAL_FLASH_Unlock  stm32h7xx_hal_flash.o
    0x08007940   0x08007940   0x0000007c   Code   RO        12309    i.HAL_GPIO_EXTI_Callback  radio_module.o
    0x080079bc   0x080079bc   0x0000001c   Code   RO         3403    i.HAL_GPIO_EXTI_IRQHandler  stm32h7xx_hal_gpio.o
    0x080079d8   0x080079d8   0x00000208   Code   RO         3404    i.HAL_GPIO_Init     stm32h7xx_hal_gpio.o
    0x08007be0   0x08007be0   0x00000010   Code   RO         3406    i.HAL_GPIO_ReadPin  stm32h7xx_hal_gpio.o
    0x08007bf0   0x08007bf0   0x0000000c   Code   RO         3408    i.HAL_GPIO_WritePin  stm32h7xx_hal_gpio.o
    0x08007bfc   0x08007bfc   0x0000000c   Code   RO         4280    i.HAL_GetREVID      stm32h7xx_hal.o
    0x08007c08   0x08007c08   0x0000000c   Code   RO         4281    i.HAL_GetTick       stm32h7xx_hal.o
    0x08007c14   0x08007c14   0x00000018   Code   RO         4284    i.HAL_IncTick       stm32h7xx_hal.o
    0x08007c2c   0x08007c2c   0x00000060   Code   RO         4285    i.HAL_Init          stm32h7xx_hal.o
    0x08007c8c   0x08007c8c   0x00000058   Code   RO         4286    i.HAL_InitTick      stm32h7xx_hal.o
    0x08007ce4   0x08007ce4   0x0000005c   Code   RO         1399    i.HAL_MPU_ConfigRegion  stm32h7xx_hal_cortex.o
    0x08007d40   0x08007d40   0x0000002c   Code   RO         1400    i.HAL_MPU_Disable   stm32h7xx_hal_cortex.o
    0x08007d6c   0x08007d6c   0x00000040   Code   RO         1401    i.HAL_MPU_Enable    stm32h7xx_hal_cortex.o
    0x08007dac   0x08007dac   0x00000024   Code   RO          862    i.HAL_MspInit       stm32h7xx_hal_msp.o
    0x08007dd0   0x08007dd0   0x00000020   Code   RO         1404    i.HAL_NVIC_EnableIRQ  stm32h7xx_hal_cortex.o
    0x08007df0   0x08007df0   0x0000007a   Code   RO         1410    i.HAL_NVIC_SetPriority  stm32h7xx_hal_cortex.o
    0x08007e6a   0x08007e6a   0x00000002   PAD
    0x08007e6c   0x08007e6c   0x00000028   Code   RO         1411    i.HAL_NVIC_SetPriorityGrouping  stm32h7xx_hal_cortex.o
    0x08007e94   0x08007e94   0x00000060   Code   RO         4005    i.HAL_PWREx_ConfigSupply  stm32h7xx_hal_pwr_ex.o
    0x08007ef4   0x08007ef4   0x00000030   Code   RO         2971    i.HAL_RCCEx_GetD1SysClockFreq  stm32h7xx_hal_rcc_ex.o
    0x08007f24   0x08007f24   0x00000024   Code   RO         2972    i.HAL_RCCEx_GetD3PCLK1Freq  stm32h7xx_hal_rcc_ex.o
    0x08007f48   0x08007f48   0x00000230   Code   RO         2973    i.HAL_RCCEx_GetPLL1ClockFreq  stm32h7xx_hal_rcc_ex.o
    0x08008178   0x08008178   0x00000230   Code   RO         2974    i.HAL_RCCEx_GetPLL2ClockFreq  stm32h7xx_hal_rcc_ex.o
    0x080083a8   0x080083a8   0x00000230   Code   RO         2975    i.HAL_RCCEx_GetPLL3ClockFreq  stm32h7xx_hal_rcc_ex.o
    0x080085d8   0x080085d8   0x000002f4   Code   RO         2977    i.HAL_RCCEx_GetPeriphCLKFreq  stm32h7xx_hal_rcc_ex.o
    0x080088cc   0x080088cc   0x00000b44   Code   RO         2979    i.HAL_RCCEx_PeriphCLKConfig  stm32h7xx_hal_rcc_ex.o
    0x08009410   0x08009410   0x000002fc   Code   RO         2858    i.HAL_RCC_ClockConfig  stm32h7xx_hal_rcc.o
    0x0800970c   0x0800970c   0x00000030   Code   RO         2863    i.HAL_RCC_GetHCLKFreq  stm32h7xx_hal_rcc.o
    0x0800973c   0x0800973c   0x00000024   Code   RO         2865    i.HAL_RCC_GetPCLK1Freq  stm32h7xx_hal_rcc.o
    0x08009760   0x08009760   0x00000024   Code   RO         2866    i.HAL_RCC_GetPCLK2Freq  stm32h7xx_hal_rcc.o
    0x08009784   0x08009784   0x0000022c   Code   RO         2867    i.HAL_RCC_GetSysClockFreq  stm32h7xx_hal_rcc.o
    0x080099b0   0x080099b0   0x00000748   Code   RO         2870    i.HAL_RCC_OscConfig  stm32h7xx_hal_rcc.o
    0x0800a0f8   0x0800a0f8   0x00000002   Code   RO         1551    i.HAL_SPI_ErrorCallback  stm32h7xx_hal_spi.o
    0x0800a0fa   0x0800a0fa   0x00000002   PAD
    0x0800a0fc   0x0800a0fc   0x000002a4   Code   RO         1554    i.HAL_SPI_IRQHandler  stm32h7xx_hal_spi.o
    0x0800a3a0   0x0800a3a0   0x00000170   Code   RO         1555    i.HAL_SPI_Init      stm32h7xx_hal_spi.o
    0x0800a510   0x0800a510   0x00000374   Code   RO          864    i.HAL_SPI_MspInit   stm32h7xx_hal_msp.o
    0x0800a884   0x0800a884   0x000002b6   Code   RO         1558    i.HAL_SPI_Receive   stm32h7xx_hal_spi.o
    0x0800ab3a   0x0800ab3a   0x00000002   PAD
    0x0800ab3c   0x0800ab3c   0x000001f4   Code   RO         1559    i.HAL_SPI_Receive_DMA  stm32h7xx_hal_spi.o
    0x0800ad30   0x0800ad30   0x00000050   Code   RO        12310    i.HAL_SPI_RxCpltCallback  radio_module.o
    0x0800ad80   0x0800ad80   0x00000002   Code   RO         1562    i.HAL_SPI_RxHalfCpltCallback  stm32h7xx_hal_spi.o
    0x0800ad82   0x0800ad82   0x000002b6   Code   RO         1563    i.HAL_SPI_Transmit  stm32h7xx_hal_spi.o
    0x0800b038   0x0800b038   0x000003fc   Code   RO         1564    i.HAL_SPI_TransmitReceive  stm32h7xx_hal_spi.o
    0x0800b434   0x0800b434   0x000002a0   Code   RO         1565    i.HAL_SPI_TransmitReceive_DMA  stm32h7xx_hal_spi.o
    0x0800b6d4   0x0800b6d4   0x000001d8   Code   RO         1567    i.HAL_SPI_Transmit_DMA  stm32h7xx_hal_spi.o
    0x0800b8ac   0x0800b8ac   0x000000a8   Code   RO        12311    i.HAL_SPI_TxCpltCallback  radio_module.o
    0x0800b954   0x0800b954   0x00000002   Code   RO         1570    i.HAL_SPI_TxHalfCpltCallback  stm32h7xx_hal_spi.o
    0x0800b956   0x0800b956   0x00000002   Code   RO         1571    i.HAL_SPI_TxRxCpltCallback  stm32h7xx_hal_spi.o
    0x0800b958   0x0800b958   0x00000002   Code   RO         1572    i.HAL_SPI_TxRxHalfCpltCallback  stm32h7xx_hal_spi.o
    0x0800b95a   0x0800b95a   0x00000002   PAD
    0x0800b95c   0x0800b95c   0x00000014   Code   RO         4297    i.HAL_SYSCFG_ETHInterfaceSelect  stm32h7xx_hal.o
    0x0800b970   0x0800b970   0x00000034   Code   RO         1415    i.HAL_SYSTICK_Config  stm32h7xx_hal_cortex.o
    0x0800b9a4   0x0800b9a4   0x00000002   Code   RO         2582    i.HAL_TIMEx_Break2Callback  stm32h7xx_hal_tim_ex.o
    0x0800b9a6   0x0800b9a6   0x00000002   Code   RO         2583    i.HAL_TIMEx_BreakCallback  stm32h7xx_hal_tim_ex.o
    0x0800b9a8   0x0800b9a8   0x00000002   Code   RO         2584    i.HAL_TIMEx_CommutCallback  stm32h7xx_hal_tim_ex.o
    0x0800b9aa   0x0800b9aa   0x00000002   PAD
    0x0800b9ac   0x0800b9ac   0x00000078   Code   RO         2603    i.HAL_TIMEx_MasterConfigSynchronization  stm32h7xx_hal_tim_ex.o
    0x0800ba24   0x0800ba24   0x00000034   Code   RO         1874    i.HAL_TIM_Base_Init  stm32h7xx_hal_tim.o
    0x0800ba58   0x0800ba58   0x0000006c   Code   RO          866    i.HAL_TIM_Base_MspInit  stm32h7xx_hal_msp.o
    0x0800bac4   0x0800bac4   0x00000038   Code   RO         1879    i.HAL_TIM_Base_Start_IT  stm32h7xx_hal_tim.o
    0x0800bafc   0x0800bafc   0x00000002   Code   RO         1905    i.HAL_TIM_IC_CaptureCallback  stm32h7xx_hal_tim.o
    0x0800bafe   0x0800bafe   0x000001b8   Code   RO         1919    i.HAL_TIM_IRQHandler  stm32h7xx_hal_tim.o
    0x0800bcb6   0x0800bcb6   0x00000002   Code   RO         1922    i.HAL_TIM_OC_DelayElapsedCallback  stm32h7xx_hal_tim.o
    0x0800bcb8   0x0800bcb8   0x00000002   Code   RO         1949    i.HAL_TIM_PWM_PulseFinishedCallback  stm32h7xx_hal_tim.o
    0x0800bcba   0x0800bcba   0x00000002   PAD
    0x0800bcbc   0x0800bcbc   0x0000001c   Code   RO        12165    i.HAL_TIM_PeriodElapsedCallback  system_module.o
    0x0800bcd8   0x0800bcd8   0x00000002   Code   RO         1962    i.HAL_TIM_TriggerCallback  stm32h7xx_hal_tim.o
    0x0800bcda   0x0800bcda   0x0000004e   Code   RO         5538    i.HAL_UARTEx_DisableFifoMode  stm32h7xx_hal_uart_ex.o
    0x0800bd28   0x0800bd28   0x00000002   Code   RO         5542    i.HAL_UARTEx_RxFifoFullCallback  stm32h7xx_hal_uart_ex.o
    0x0800bd2a   0x0800bd2a   0x0000005e   Code   RO         5543    i.HAL_UARTEx_SetRxFifoThreshold  stm32h7xx_hal_uart_ex.o
    0x0800bd88   0x0800bd88   0x0000005e   Code   RO         5544    i.HAL_UARTEx_SetTxFifoThreshold  stm32h7xx_hal_uart_ex.o
    0x0800bde6   0x0800bde6   0x00000002   Code   RO         5546    i.HAL_UARTEx_TxFifoEmptyCallback  stm32h7xx_hal_uart_ex.o
    0x0800bde8   0x0800bde8   0x00000002   Code   RO         5547    i.HAL_UARTEx_WakeupCallback  stm32h7xx_hal_uart_ex.o
    0x0800bdea   0x0800bdea   0x00000002   Code   RO         5167    i.HAL_UART_AbortReceiveCpltCallback  stm32h7xx_hal_uart.o
    0x0800bdec   0x0800bdec   0x0000009c   Code   RO         5168    i.HAL_UART_AbortReceive_IT  stm32h7xx_hal_uart.o
    0x0800be88   0x0800be88   0x00000002   Code   RO         5177    i.HAL_UART_ErrorCallback  stm32h7xx_hal_uart.o
    0x0800be8a   0x0800be8a   0x00000002   PAD
    0x0800be8c   0x0800be8c   0x000001e4   Code   RO         5180    i.HAL_UART_IRQHandler  stm32h7xx_hal_uart.o
    0x0800c070   0x0800c070   0x00000078   Code   RO         5181    i.HAL_UART_Init     stm32h7xx_hal_uart.o
    0x0800c0e8   0x0800c0e8   0x0000012c   Code   RO          868    i.HAL_UART_MspInit  stm32h7xx_hal_msp.o
    0x0800c214   0x0800c214   0x0000013c   Code   RO         5186    i.HAL_UART_Receive_IT  stm32h7xx_hal_uart.o
    0x0800c350   0x0800c350   0x00000070   Code   RO        12569    i.HAL_UART_RxCpltCallback  rs232_module.o
    0x0800c3c0   0x0800c3c0   0x000000b8   Code   RO         5191    i.HAL_UART_Transmit_IT  stm32h7xx_hal_uart.o
    0x0800c478   0x0800c478   0x00000024   Code   RO        12570    i.HAL_UART_TxCpltCallback  rs232_module.o
    0x0800c49c   0x0800c49c   0x00000048   Code   RO          670    i.HardFault_Handler  stm32h7xx_it.o
    0x0800c4e4   0x0800c4e4   0x00000002   Code   RO        12166    i.HoursHandler      system_module.o
    0x0800c4e6   0x0800c4e6   0x00000002   PAD
    0x0800c4e8   0x0800c4e8   0x000001a4   Code   RO        11953    i.ICMP_Reply        eth_process.o
    0x0800c68c   0x0800c68c   0x00000024   Code   RO        11954    i.IP_CheckSum_Is_Correct  eth_process.o
    0x0800c6b0   0x0800c6b0   0x0000002e   Code   RO        12312    i.InitFpgaRegisters  radio_module.o
    0x0800c6de   0x0800c6de   0x00000002   PAD
    0x0800c6e0   0x0800c6e0   0x000000f8   Code   RO        12167    i.Init_AD9361       system_module.o
    0x0800c7d8   0x0800c7d8   0x000000ea   Code   RO        12938    i.LAN8742_GetLinkState  lan8742.o
    0x0800c8c2   0x0800c8c2   0x000000dc   Code   RO        12939    i.LAN8742_Init      lan8742.o
    0x0800c99e   0x0800c99e   0x0000002e   Code   RO        12940    i.LAN8742_RegisterBusIO  lan8742.o
    0x0800c9cc   0x0800c9cc   0x0000006e   Code   RO        12941    i.LAN8742_SetLinkState  lan8742.o
    0x0800ca3a   0x0800ca3a   0x00000002   PAD
    0x0800ca3c   0x0800ca3c   0x00000010   Code   RO         6283    i.LL_ADC_Enable     stm32h7xx_hal_adc.o
    0x0800ca4c   0x0800ca4c   0x0000000a   Code   RO         6284    i.LL_ADC_GetMultiDMATransfer  stm32h7xx_hal_adc.o
    0x0800ca56   0x0800ca56   0x0000000a   Code   RO         6285    i.LL_ADC_GetMultimode  stm32h7xx_hal_adc.o
    0x0800ca60   0x0800ca60   0x00000012   Code   RO         6545    i.LL_ADC_GetOffsetChannel  stm32h7xx_hal_adc_ex.o
    0x0800ca72   0x0800ca72   0x0000000a   Code   RO         6286    i.LL_ADC_INJ_IsConversionOngoing  stm32h7xx_hal_adc.o
    0x0800ca7c   0x0800ca7c   0x0000000a   Code   RO         6547    i.LL_ADC_INJ_IsConversionOngoing  stm32h7xx_hal_adc_ex.o
    0x0800ca86   0x0800ca86   0x0000000a   Code   RO         6287    i.LL_ADC_IsDisableOngoing  stm32h7xx_hal_adc.o
    0x0800ca90   0x0800ca90   0x0000000a   Code   RO         6288    i.LL_ADC_IsEnabled  stm32h7xx_hal_adc.o
    0x0800ca9a   0x0800ca9a   0x0000000a   Code   RO         6549    i.LL_ADC_IsEnabled  stm32h7xx_hal_adc_ex.o
    0x0800caa4   0x0800caa4   0x0000000a   Code   RO         6289    i.LL_ADC_IsInternalRegulatorEnabled  stm32h7xx_hal_adc.o
    0x0800caae   0x0800caae   0x0000000a   Code   RO         6290    i.LL_ADC_REG_IsConversionOngoing  stm32h7xx_hal_adc.o
    0x0800cab8   0x0800cab8   0x0000000a   Code   RO         6550    i.LL_ADC_REG_IsConversionOngoing  stm32h7xx_hal_adc_ex.o
    0x0800cac2   0x0800cac2   0x00000012   Code   RO         6291    i.LL_ADC_REG_IsTriggerSourceSWStart  stm32h7xx_hal_adc.o
    0x0800cad4   0x0800cad4   0x00000010   Code   RO         6292    i.LL_ADC_REG_StartConversion  stm32h7xx_hal_adc.o
    0x0800cae4   0x0800cae4   0x00000028   Code   RO         6551    i.LL_ADC_SetChannelSamplingTime  stm32h7xx_hal_adc_ex.o
    0x0800cb0c   0x0800cb0c   0x0000000c   Code   RO         6552    i.LL_ADC_SetCommonPathInternalCh  stm32h7xx_hal_adc_ex.o
    0x0800cb18   0x0800cb18   0x0000001c   Code   RO         6553    i.LL_ADC_SetOffset  stm32h7xx_hal_adc_ex.o
    0x0800cb34   0x0800cb34   0x00000220   Code   RO          390    i.LWIP_CHANGE_IP    lwip.o
    0x0800cd54   0x0800cd54   0x00000034   Code   RO        11851    i.LoadSystemData    service.o
    0x0800cd88   0x0800cd88   0x0000024c   Code   RO        12857    i.MODE_CGI_Handler  httpd_cgi_ssi.o
    0x0800cfd4   0x0800cfd4   0x00000124   Code   RO           14    i.MPU_Config        main.o
    0x0800d0f8   0x0800d0f8   0x0000002c   Code   RO        12168    i.MSecsHandler      system_module.o
    0x0800d124   0x0800d124   0x000000c0   Code   RO           15    i.MX_ADC2_Init      main.o
    0x0800d1e4   0x0800d1e4   0x000000dc   Code   RO           16    i.MX_ADC3_Init      main.o
    0x0800d2c0   0x0800d2c0   0x000000a4   Code   RO           17    i.MX_DMA_Init       main.o
    0x0800d364   0x0800d364   0x00000078   Code   RO           18    i.MX_FDCAN1_Init    main.o
    0x0800d3dc   0x0800d3dc   0x00000258   Code   RO           19    i.MX_GPIO_Init      main.o
    0x0800d634   0x0800d634   0x000002a8   Code   RO          392    i.MX_LWIP_Init      lwip.o
    0x0800d8dc   0x0800d8dc   0x00000014   Code   RO          393    i.MX_LWIP_Process   lwip.o
    0x0800d8f0   0x0800d8f0   0x00000068   Code   RO           20    i.MX_SPI1_Init      main.o
    0x0800d958   0x0800d958   0x00000064   Code   RO           21    i.MX_SPI2_Init      main.o
    0x0800d9bc   0x0800d9bc   0x00000060   Code   RO           22    i.MX_SPI3_Init      main.o
    0x0800da1c   0x0800da1c   0x0000004c   Code   RO           23    i.MX_TIM6_Init      main.o
    0x0800da68   0x0800da68   0x0000004c   Code   RO           24    i.MX_TIM7_Init      main.o
    0x0800dab4   0x0800dab4   0x00000070   Code   RO           25    i.MX_UART8_Init     main.o
    0x0800db24   0x0800db24   0x00000004   Code   RO          671    i.MemManage_Handler  stm32h7xx_it.o
    0x0800db28   0x0800db28   0x00000002   Code   RO        12169    i.MinutesHandler    system_module.o
    0x0800db2a   0x0800db2a   0x00000002   PAD
    0x0800db2c   0x0800db2c   0x000001b0   Code   RO        12858    i.Mode_SSI_Handler  httpd_cgi_ssi.o
    0x0800dcdc   0x0800dcdc   0x00000046   Code   RO        12859    i.My_SSI_Handler    httpd_cgi_ssi.o
    0x0800dd22   0x0800dd22   0x00000002   PAD
    0x0800dd24   0x0800dd24   0x0000007c   Code   RO        12860    i.NETWORK_CGI_Handler  httpd_cgi_ssi.o
    0x0800dda0   0x0800dda0   0x00000002   Code   RO          672    i.NMI_Handler       stm32h7xx_it.o
    0x0800dda2   0x0800dda2   0x00000002   PAD
    0x0800dda4   0x0800dda4   0x00000040   Code   RO        11955    i.NVIC_SystemReset  eth_process.o
    0x0800dde4   0x0800dde4   0x000002a0   Code   RO        12861    i.Network_SSI_Handler  httpd_cgi_ssi.o
    0x0800e084   0x0800e084   0x00000002   Code   RO          673    i.PendSV_Handler    stm32h7xx_it.o
    0x0800e086   0x0800e086   0x00000002   PAD
    0x0800e088   0x0800e088   0x000000a4   Code   RO        12089    i.PopCommand        cutting.o
    0x0800e12c   0x0800e12c   0x00000270   Code   RO        12313    i.PrepareFragToSend  radio_module.o
    0x0800e39c   0x0800e39c   0x00000074   Code   RO        12090    i.PushCommand       cutting.o
    0x0800e410   0x0800e410   0x00000164   Code   RO         2982    i.RCCEx_PLL2_Config  stm32h7xx_hal_rcc_ex.o
    0x0800e574   0x0800e574   0x00000164   Code   RO         2983    i.RCCEx_PLL3_Config  stm32h7xx_hal_rcc_ex.o
    0x0800e6d8   0x0800e6d8   0x0000001c   Code   RO        12862    i.REGISTERS_CGI_Handler  httpd_cgi_ssi.o
    0x0800e6f4   0x0800e6f4   0x00000020   Code   RO        12571    i.RS232_Analyse     rs232_module.o
    0x0800e714   0x0800e714   0x000003d0   Code   RO        12572    i.RS232_Init        rs232_module.o
    0x0800eae4   0x0800eae4   0x00000018   Code   RO        12573    i.RS232_Polling     rs232_module.o
    0x0800eafc   0x0800eafc   0x00000088   Code   RO        12574    i.RS232_Send_Tech   rs232_module.o
    0x0800eb84   0x0800eb84   0x00000040   Code   RO        12314    i.RadioModuleInit   radio_module.o
    0x0800ebc4   0x0800ebc4   0x00000110   Code   RO        12315    i.RadioModuleProcess  radio_module.o
    0x0800ecd4   0x0800ecd4   0x00000098   Code   RO        12316    i.Read_FPGA_Register  radio_module.o
    0x0800ed6c   0x0800ed6c   0x0000011c   Code   RO        12317    i.ReceiveFragProcess  radio_module.o
    0x0800ee88   0x0800ee88   0x00001710   Code   RO        11853    i.Receive_Tech_Packet  service.o
    0x08010598   0x08010598   0x000002cc   Code   RO        12863    i.Registers_SSI_Handler  httpd_cgi_ssi.o
    0x08010864   0x08010864   0x0000002c   Code   RO        12682    i.RingBuf_Available  ringbuffer_fifo.o
    0x08010890   0x08010890   0x00000014   Code   RO        12689    i.RingBuf_Clear     ringbuffer_fifo.o
    0x080108a4   0x080108a4   0x00000088   Code   RO        12690    i.RingBuf_DataPut   ringbuffer_fifo.o
    0x0801092c   0x0801092c   0x0000003c   Code   RO        12691    i.RingBuf_DataRead  ringbuffer_fifo.o
    0x08010968   0x08010968   0x00000072   Code   RO        12692    i.RingBuf_DataWatch  ringbuffer_fifo.o
    0x080109da   0x080109da   0x0000001e   Code   RO        12693    i.RingBuf_Init      ringbuffer_fifo.o
    0x080109f8   0x080109f8   0x0000009c   Code   RO           26    i.SCB_EnableDCache  main.o
    0x08010a94   0x08010a94   0x0000004c   Code   RO          477    i.SCB_InvalidateDCache_by_Addr  ethernetif.o
    0x08010ae0   0x08010ae0   0x0000004c   Code   RO        12319    i.SCB_InvalidateDCache_by_Addr  radio_module.o
    0x08010b2c   0x08010b2c   0x00000010   Code   RO          674    i.SPI1_IRQHandler   stm32h7xx_it.o
    0x08010b3c   0x08010b3c   0x00000010   Code   RO          675    i.SPI2_IRQHandler   stm32h7xx_it.o
    0x08010b4c   0x08010b4c   0x00000010   Code   RO          676    i.SPI3_IRQHandler   stm32h7xx_it.o
    0x08010b5c   0x08010b5c   0x000000d6   Code   RO         1574    i.SPI_CloseTransfer  stm32h7xx_hal_spi.o
    0x08010c32   0x08010c32   0x0000001c   Code   RO         1575    i.SPI_DMAAbortOnError  stm32h7xx_hal_spi.o
    0x08010c4e   0x08010c4e   0x00000030   Code   RO         1576    i.SPI_DMAError      stm32h7xx_hal_spi.o
    0x08010c7e   0x08010c7e   0x0000000e   Code   RO         1577    i.SPI_DMAHalfReceiveCplt  stm32h7xx_hal_spi.o
    0x08010c8c   0x08010c8c   0x0000000e   Code   RO         1578    i.SPI_DMAHalfTransmitCplt  stm32h7xx_hal_spi.o
    0x08010c9a   0x08010c9a   0x0000000e   Code   RO         1579    i.SPI_DMAHalfTransmitReceiveCplt  stm32h7xx_hal_spi.o
    0x08010ca8   0x08010ca8   0x0000002e   Code   RO         1580    i.SPI_DMAReceiveCplt  stm32h7xx_hal_spi.o
    0x08010cd6   0x08010cd6   0x0000002e   Code   RO         1582    i.SPI_DMATransmitCplt  stm32h7xx_hal_spi.o
    0x08010d04   0x08010d04   0x0000002e   Code   RO         1583    i.SPI_DMATransmitReceiveCplt  stm32h7xx_hal_spi.o
    0x08010d32   0x08010d32   0x0000001a   Code   RO         1585    i.SPI_GetPacketSize  stm32h7xx_hal_spi.o
    0x08010d4c   0x08010d4c   0x00000038   Code   RO        12320    i.SPI_Is_Busy       radio_module.o
    0x08010d84   0x08010d84   0x00000040   Code   RO         1592    i.SPI_WaitOnFlagUntilTimeout  stm32h7xx_hal_spi.o
    0x08010dc4   0x08010dc4   0x00000002   Code   RO          677    i.SVC_Handler       stm32h7xx_it.o
    0x08010dc6   0x08010dc6   0x00000002   PAD
    0x08010dc8   0x08010dc8   0x0000001c   Code   RO        12170    i.SecsHandler       system_module.o
    0x08010de4   0x08010de4   0x000000a0   Code   RO        12321    i.SendFragProcess   radio_module.o
    0x08010e84   0x08010e84   0x0000015c   Code   RO        12322    i.SendSpectr        radio_module.o
    0x08010fe0   0x08010fe0   0x0000005c   Code   RO        11854    i.Send_Kvit         service.o
    0x0801103c   0x0801103c   0x00000260   Code   RO        11855    i.SerializeSystemData  service.o
    0x0801129c   0x0801129c   0x00000058   Code   RO        12171    i.SetAd9361Bandwidth  system_module.o
    0x080112f4   0x080112f4   0x00000030   Code   RO        12172    i.SetAd9361Frequency  system_module.o
    0x08011324   0x08011324   0x000001dc   Code   RO        12323    i.SetCurrentDataSize  radio_module.o
    0x08011500   0x08011500   0x000000c4   Code   RO        11856    i.SetDefaultConfiguration  service.o
    0x080115c4   0x080115c4   0x00000050   Code   RO        12173    i.SetTxAttenuation  system_module.o
    0x08011614   0x08011614   0x00000040   Code   RO        12324    i.Set_MCU_RegisterValue  radio_module.o
    0x08011654   0x08011654   0x00000008   Code   RO          678    i.SysTick_Handler   stm32h7xx_it.o
    0x0801165c   0x0801165c   0x00000118   Code   RO        12174    i.SysemInit         system_module.o
    0x08011774   0x08011774   0x00000128   Code   RO           27    i.SystemClock_Config  main.o
    0x0801189c   0x0801189c   0x000000a8   Code   RO         6766    i.SystemInit        system_stm32h7xx.o
    0x08011944   0x08011944   0x00000068   Code   RO        12175    i.SystemProcess     system_module.o
    0x080119ac   0x080119ac   0x00000010   Code   RO          679    i.TIM7_IRQHandler   stm32h7xx_it.o
    0x080119bc   0x080119bc   0x000000cc   Code   RO         1964    i.TIM_Base_SetConfig  stm32h7xx_hal_tim.o
    0x08011a88   0x08011a88   0x00000010   Code   RO          680    i.UART8_IRQHandler  stm32h7xx_it.o
    0x08011a98   0x08011a98   0x00000070   Code   RO         5548    i.UARTEx_SetNbDataToProcess  stm32h7xx_hal_uart_ex.o
    0x08011b08   0x08011b08   0x000000f8   Code   RO         5194    i.UART_AdvFeatureConfig  stm32h7xx_hal_uart.o
    0x08011c00   0x08011c00   0x00000074   Code   RO         5195    i.UART_CheckIdleState  stm32h7xx_hal_uart.o
    0x08011c74   0x08011c74   0x00000018   Code   RO         5196    i.UART_DMAAbortOnError  stm32h7xx_hal_uart.o
    0x08011c8c   0x08011c8c   0x0000002c   Code   RO         5201    i.UART_DMARxOnlyAbortCallback  stm32h7xx_hal_uart.o
    0x08011cb8   0x08011cb8   0x00000028   Code   RO         5206    i.UART_EndRxTransfer  stm32h7xx_hal_uart.o
    0x08011ce0   0x08011ce0   0x00000022   Code   RO         5207    i.UART_EndTransmit_IT  stm32h7xx_hal_uart.o
    0x08011d02   0x08011d02   0x00000070   Code   RO         5209    i.UART_RxISR_16BIT  stm32h7xx_hal_uart.o
    0x08011d72   0x08011d72   0x00000002   PAD
    0x08011d74   0x08011d74   0x000000b4   Code   RO         5210    i.UART_RxISR_16BIT_FIFOEN  stm32h7xx_hal_uart.o
    0x08011e28   0x08011e28   0x0000006c   Code   RO         5211    i.UART_RxISR_8BIT   stm32h7xx_hal_uart.o
    0x08011e94   0x08011e94   0x000000b4   Code   RO         5212    i.UART_RxISR_8BIT_FIFOEN  stm32h7xx_hal_uart.o
    0x08011f48   0x08011f48   0x000016fc   Code   RO         5213    i.UART_SetConfig    stm32h7xx_hal_uart.o
    0x08013644   0x08013644   0x00000046   Code   RO         5214    i.UART_TxISR_16BIT  stm32h7xx_hal_uart.o
    0x0801368a   0x0801368a   0x00000062   Code   RO         5215    i.UART_TxISR_16BIT_FIFOEN  stm32h7xx_hal_uart.o
    0x080136ec   0x080136ec   0x00000042   Code   RO         5216    i.UART_TxISR_8BIT   stm32h7xx_hal_uart.o
    0x0801372e   0x0801372e   0x0000005c   Code   RO         5217    i.UART_TxISR_8BIT_FIFOEN  stm32h7xx_hal_uart.o
    0x0801378a   0x0801378a   0x0000006c   Code   RO         5218    i.UART_WaitOnFlagUntilTimeout  stm32h7xx_hal_uart.o
    0x080137f6   0x080137f6   0x0000004c   Code   RO        11956    i.UDP_CheckSum_Is_Correct  eth_process.o
    0x08013842   0x08013842   0x00000004   Code   RO          681    i.UsageFault_Handler  stm32h7xx_it.o
    0x08013846   0x08013846   0x00000060   Code   RO        12176    i.WorkTimeHandler   system_module.o
    0x080138a6   0x080138a6   0x00000002   PAD
    0x080138a8   0x080138a8   0x00000078   Code   RO        12326    i.Write_FPGA_Register  radio_module.o
    0x08013920   0x08013920   0x00000020   Code   RO        13306    i.__0printf$8       mc_w.l(printf8.o)
    0x08013940   0x08013940   0x00000028   Code   RO        13308    i.__0sprintf$8      mc_w.l(printf8.o)
    0x08013968   0x08013968   0x00000010   Code   RO         1417    i.__NVIC_GetPriorityGrouping  stm32h7xx_hal_cortex.o
    0x08013978   0x08013978   0x00000028   Code   RO         1418    i.__NVIC_SetPriority  stm32h7xx_hal_cortex.o
    0x080139a0   0x080139a0   0x00000042   Code   RO        10514    i.__ad9361_spi_readf  ad9361.o
    0x080139e2   0x080139e2   0x00000056   Code   RO        10515    i.__ad9361_spi_writef  ad9361.o
    0x08013a38   0x08013a38   0x00000074   Code   RO        10516    i.__ad9361_tx_quad_calib  ad9361.o
    0x08013aac   0x08013aac   0x000000b4   Code   RO        10517    i.__ad9361_update_rf_bandwidth  ad9361.o
    0x08013b60   0x08013b60   0x00000032   Code   RO        11677    i.__ffs             ad9361_util.o
    0x08013b92   0x08013b92   0x00000006   PAD
    0x08013b98   0x08013b98   0x0000023c   Code   RO        13410    i.__hardfp_log      m_wv.l(log.o)
    0x08013dd4   0x08013dd4   0x00000004   PAD
    0x08013dd8   0x08013dd8   0x00000100   Code   RO        13019    i.__hardfp_log10    m_wv.l(log10.o)
    0x08013ed8   0x08013ed8   0x00000070   Code   RO        13475    i.__kernel_poly     m_wv.l(poly.o)
    0x08013f48   0x08013f48   0x00000020   Code   RO        13396    i.__mathlib_dbl_divzero  m_wv.l(dunder.o)
    0x08013f68   0x08013f68   0x00000006   Code   RO        13397    i.__mathlib_dbl_infnan  m_wv.l(dunder.o)
    0x08013f6e   0x08013f6e   0x00000002   PAD
    0x08013f70   0x08013f70   0x00000018   Code   RO        13399    i.__mathlib_dbl_invalid  m_wv.l(dunder.o)
    0x08013f88   0x08013f88   0x0000000e   Code   RO        13493    i.__scatterload_copy  mc_w.l(handlers.o)
    0x08013f96   0x08013f96   0x00000002   Code   RO        13494    i.__scatterload_null  mc_w.l(handlers.o)
    0x08013f98   0x08013f98   0x0000000e   Code   RO        13495    i.__scatterload_zeroinit  mc_w.l(handlers.o)
    0x08013fa6   0x08013fa6   0x00000002   PAD
    0x08013fa8   0x08013fa8   0x0000000c   Code   RO        13449    i.__set_errno       mc_w.l(errno.o)
    0x08013fb4   0x08013fb4   0x00000404   Code   RO        13313    i._printf_core      mc_w.l(printf8.o)
    0x080143b8   0x080143b8   0x00000024   Code   RO        13314    i._printf_post_padding  mc_w.l(printf8.o)
    0x080143dc   0x080143dc   0x0000002e   Code   RO        13315    i._printf_pre_padding  mc_w.l(printf8.o)
    0x0801440a   0x0801440a   0x0000000a   Code   RO        13317    i._sputc            mc_w.l(printf8.o)
    0x08014414   0x08014414   0x000000ac   Code   RO        10518    i.ad9361_auxadc_setup  ad9361.o
    0x080144c0   0x080144c0   0x0000011c   Code   RO        10520    i.ad9361_auxdac_set  ad9361.o
    0x080145dc   0x080145dc   0x000000c4   Code   RO        10521    i.ad9361_auxdac_setup  ad9361.o
    0x080146a0   0x080146a0   0x0000003e   Code   RO        10522    i.ad9361_bb_clk_change_handler  ad9361.o
    0x080146de   0x080146de   0x00000002   PAD
    0x080146e0   0x080146e0   0x0000004c   Code   RO        10523    i.ad9361_bb_dc_offset_calib  ad9361.o
    0x0801472c   0x0801472c   0x0000005a   Code   RO        10524    i.ad9361_bbpll_recalc_rate  ad9361.o
    0x08014786   0x08014786   0x00000002   PAD
    0x08014788   0x08014788   0x000000a8   Code   RO        10525    i.ad9361_bbpll_round_rate  ad9361.o
    0x08014830   0x08014830   0x00000194   Code   RO        10526    i.ad9361_bbpll_set_rate  ad9361.o
    0x080149c4   0x080149c4   0x000000c0   Code   RO        10527    i.ad9361_bist_loopback  ad9361.o
    0x08014a84   0x08014a84   0x00000058   Code   RO        10528    i.ad9361_bist_prbs  ad9361.o
    0x08014adc   0x08014adc   0x000000c0   Code   RO        10530    i.ad9361_calc_rfpll_divder  ad9361.o
    0x08014b9c   0x08014b9c   0x0000005c   Code   RO        10531    i.ad9361_calc_rfpll_freq  ad9361.o
    0x08014bf8   0x08014bf8   0x0000036c   Code   RO        10532    i.ad9361_calculate_rf_clock_chain  ad9361.o
    0x08014f64   0x08014f64   0x00000090   Code   RO        10533    i.ad9361_check_cal_done  ad9361.o
    0x08014ff4   0x08014ff4   0x0000001a   Code   RO        10535    i.ad9361_clk_factor_recalc_rate  ad9361.o
    0x0801500e   0x0801500e   0x00000002   PAD
    0x08015010   0x08015010   0x00000088   Code   RO        10536    i.ad9361_clk_factor_round_rate  ad9361.o
    0x08015098   0x08015098   0x0000009c   Code   RO        10537    i.ad9361_clk_factor_set_rate  ad9361.o
    0x08015134   0x08015134   0x000001ec   Code   RO        10538    i.ad9361_clk_register  ad9361.o
    0x08015320   0x08015320   0x00000040   Code   RO        10539    i.ad9361_clkout_control  ad9361.o
    0x08015360   0x08015360   0x00000038   Code   RO        10540    i.ad9361_ctrl_outs_setup  ad9361.o
    0x08015398   0x08015398   0x00000404   Code   RO        10542    i.ad9361_dig_tune   ad9361.o
    0x0801579c   0x0801579c   0x00000092   Code   RO        10543    i.ad9361_do_calib_run  ad9361.o
    0x0801582e   0x0801582e   0x00000038   Code   RO        10544    i.ad9361_en_dis_rx  ad9361.o
    0x08015866   0x08015866   0x00000038   Code   RO        10545    i.ad9361_en_dis_tx  ad9361.o
    0x0801589e   0x0801589e   0x00000002   PAD
    0x080158a0   0x080158a0   0x00000178   Code   RO        10546    i.ad9361_ensm_force_state  ad9361.o
    0x08015a18   0x08015a18   0x00000130   Code   RO        10547    i.ad9361_ensm_restore_prev_state  ad9361.o
    0x08015b48   0x08015b48   0x000002ec   Code   RO        10548    i.ad9361_ensm_set_state  ad9361.o
    0x08015e34   0x08015e34   0x000001b0   Code   RO        10550    i.ad9361_fastlock_prepare  ad9361.o
    0x08015fe4   0x08015fe4   0x00000036   Code   RO        10551    i.ad9361_fastlock_readval  ad9361.o
    0x0801601a   0x0801601a   0x0000005c   Code   RO        10556    i.ad9361_find_opt   ad9361.o
    0x08016076   0x08016076   0x0000000e   Code   RO        10557    i.ad9361_from_clk   ad9361.o
    0x08016084   0x08016084   0x00000bf4   Code   RO        10558    i.ad9361_gc_setup   ad9361.o
    0x08016c78   0x08016c78   0x000002ac   Code   RO        10559    i.ad9361_gc_update  ad9361.o
    0x08016f24   0x08016f24   0x00000244   Code   RO        10564    i.ad9361_get_clk_scaler  ad9361.o
    0x08017168   0x08017168   0x0000003c   Code   RO        10570    i.ad9361_get_tx_atten  ad9361.o
    0x080171a4   0x080171a4   0x0000001e   Code   RO        11236    i.ad9361_get_tx_lo_freq  ad9361_api.o
    0x080171c2   0x080171c2   0x00000002   PAD
    0x080171c4   0x080171c4   0x000000d0   Code   RO        10571    i.ad9361_gpo_setup  ad9361.o
    0x08017294   0x08017294   0x0000002c   Code   RO        10572    i.ad9361_gt_tableindex  ad9361.o
    0x080172c0   0x080172c0   0x0000007e   Code   RO        10573    i.ad9361_hdl_loopback  ad9361.o
    0x0801733e   0x0801733e   0x00000002   PAD
    0x08017340   0x08017340   0x00000eb4   Code   RO        11241    i.ad9361_init       ad9361_api.o
    0x080181f4   0x080181f4   0x00000014   Code   RO        10574    i.ad9361_init_gain_info  ad9361.o
    0x08018208   0x08018208   0x00000058   Code   RO        10575    i.ad9361_init_gain_tables  ad9361.o
    0x08018260   0x08018260   0x000001b0   Code   RO        10577    i.ad9361_load_gt    ad9361.o
    0x08018410   0x08018410   0x000000d8   Code   RO        10578    i.ad9361_load_mixer_gm_subtable  ad9361.o
    0x080184e8   0x080184e8   0x00000130   Code   RO        10581    i.ad9361_post_setup  ad9361.o
    0x08018618   0x08018618   0x0000010c   Code   RO        10582    i.ad9361_pp_port_setup  ad9361.o
    0x08018724   0x08018724   0x0000002c   Code   RO        10584    i.ad9361_ref_div_sel  ad9361.o
    0x08018750   0x08018750   0x00000094   Code   RO        10585    i.ad9361_reset      ad9361.o
    0x080187e4   0x080187e4   0x00000100   Code   RO        10586    i.ad9361_rf_dc_offset_calib  ad9361.o
    0x080188e4   0x080188e4   0x00000090   Code   RO        10587    i.ad9361_rf_port_setup  ad9361.o
    0x08018974   0x08018974   0x00000160   Code   RO        10588    i.ad9361_rfpll_recalc_rate  ad9361.o
    0x08018ad4   0x08018ad4   0x0000003c   Code   RO        10589    i.ad9361_rfpll_round_rate  ad9361.o
    0x08018b10   0x08018b10   0x00000238   Code   RO        10590    i.ad9361_rfpll_set_rate  ad9361.o
    0x08018d48   0x08018d48   0x00000244   Code   RO        10591    i.ad9361_rfpll_vco_init  ad9361.o
    0x08018f8c   0x08018f8c   0x00000024   Code   RO        10592    i.ad9361_rfvco_tableindex  ad9361.o
    0x08018fb0   0x08018fb0   0x00000238   Code   RO        10593    i.ad9361_rssi_setup  ad9361.o
    0x080191e8   0x080191e8   0x00000054   Code   RO        10594    i.ad9361_run_calibration  ad9361.o
    0x0801923c   0x0801923c   0x000008d4   Code   RO        10595    i.ad9361_rx_adc_setup  ad9361.o
    0x08019b10   0x08019b10   0x00000174   Code   RO        10596    i.ad9361_rx_bb_analog_filter_calib  ad9361.o
    0x08019c84   0x08019c84   0x00000194   Code   RO        10597    i.ad9361_rx_tia_calib  ad9361.o
    0x08019e18   0x08019e18   0x00000334   Code   RO        10598    i.ad9361_set_clk_scaler  ad9361.o
    0x0801a14c   0x0801a14c   0x00000064   Code   RO        10599    i.ad9361_set_dcxo_tune  ad9361.o
    0x0801a1b0   0x0801a1b0   0x0000007e   Code   RO        10600    i.ad9361_set_ensm_mode  ad9361.o
    0x0801a22e   0x0801a22e   0x0000000a   Code   RO        10602    i.ad9361_set_muldiv  ad9361.o
    0x0801a238   0x0801a238   0x00000050   Code   RO        10603    i.ad9361_set_ref_clk_cycles  ad9361.o
    0x0801a288   0x0801a288   0x00000108   Code   RO        10604    i.ad9361_set_rx_gain  ad9361.o
    0x0801a390   0x0801a390   0x00000028   Code   RO        11252    i.ad9361_set_rx_lo_freq  ad9361_api.o
    0x0801a3b8   0x0801a3b8   0x00000026   Code   RO        11254    i.ad9361_set_rx_rf_bandwidth  ad9361_api.o
    0x0801a3de   0x0801a3de   0x00000028   Code   RO        11255    i.ad9361_set_rx_rf_gain  ad9361_api.o
    0x0801a406   0x0801a406   0x00000002   PAD
    0x0801a408   0x0801a408   0x00000158   Code   RO        10605    i.ad9361_set_trx_clock_chain  ad9361.o
    0x0801a560   0x0801a560   0x00000032   Code   RO        10606    i.ad9361_set_trx_clock_chain_freq  ad9361.o
    0x0801a592   0x0801a592   0x00000002   PAD
    0x0801a594   0x0801a594   0x000000d8   Code   RO        10607    i.ad9361_set_tx_atten  ad9361.o
    0x0801a66c   0x0801a66c   0x00000028   Code   RO        11266    i.ad9361_set_tx_lo_freq  ad9361_api.o
    0x0801a694   0x0801a694   0x00000026   Code   RO        11267    i.ad9361_set_tx_rf_bandwidth  ad9361_api.o
    0x0801a6ba   0x0801a6ba   0x00000002   PAD
    0x0801a6bc   0x0801a6bc   0x00000c48   Code   RO        10608    i.ad9361_setup      ad9361.o
    0x0801b304   0x0801b304   0x0000006c   Code   RO        10609    i.ad9361_setup_ext_lna  ad9361.o
    0x0801b370   0x0801b370   0x00000022   Code   RO        10610    i.ad9361_spi_read   ad9361.o
    0x0801b392   0x0801b392   0x00000002   PAD
    0x0801b394   0x0801b394   0x00000078   Code   RO        10611    i.ad9361_spi_readm  ad9361.o
    0x0801b40c   0x0801b40c   0x00000068   Code   RO        10612    i.ad9361_spi_write  ad9361.o
    0x0801b474   0x0801b474   0x00000056   Code   RO        12177    i.ad9361_spi_writef  system_module.o
    0x0801b4ca   0x0801b4ca   0x00000002   PAD
    0x0801b4cc   0x0801b4cc   0x00000088   Code   RO        10613    i.ad9361_spi_writem  ad9361.o
    0x0801b554   0x0801b554   0x0000000c   Code   RO        10614    i.ad9361_to_clk     ad9361.o
    0x0801b560   0x0801b560   0x00000036   Code   RO        10615    i.ad9361_to_refclk_scaler  ad9361.o
    0x0801b596   0x0801b596   0x00000002   PAD
    0x0801b598   0x0801b598   0x000000f8   Code   RO        10616    i.ad9361_tracking_control  ad9361.o
    0x0801b690   0x0801b690   0x00000118   Code   RO        10617    i.ad9361_trx_ext_lo_control  ad9361.o
    0x0801b7a8   0x0801b7a8   0x00000058   Code   RO        10618    i.ad9361_trx_vco_cal_control  ad9361.o
    0x0801b800   0x0801b800   0x000000e8   Code   RO        10619    i.ad9361_tx_bb_analog_filter_calib  ad9361.o
    0x0801b8e8   0x0801b8e8   0x00000160   Code   RO        10620    i.ad9361_tx_bb_second_filter_calib  ad9361.o
    0x0801ba48   0x0801ba48   0x0000049c   Code   RO        10621    i.ad9361_tx_quad_calib  ad9361.o
    0x0801bee4   0x0801bee4   0x000000bc   Code   RO        10622    i.ad9361_tx_quad_phase_search  ad9361.o
    0x0801bfa0   0x0801bfa0   0x0000007c   Code   RO        10623    i.ad9361_txmon_control  ad9361.o
    0x0801c01c   0x0801c01c   0x000000c8   Code   RO        10624    i.ad9361_txmon_setup  ad9361.o
    0x0801c0e4   0x0801c0e4   0x00000128   Code   RO        10625    i.ad9361_txrx_synth_cp_calib  ad9361.o
    0x0801c20c   0x0801c20c   0x00000084   Code   RO        10626    i.ad9361_update_rf_bandwidth  ad9361.o
    0x0801c290   0x0801c290   0x00000080   Code   RO        10628    i.ad9361_validate_trx_clock_chain  ad9361.o
    0x0801c310   0x0801c310   0x00000002   Code   RO        11595    i.axiadc_init       ad9361_platform.o
    0x0801c312   0x0801c312   0x00000006   Code   RO        11596    i.axiadc_read       ad9361_platform.o
    0x0801c318   0x0801c318   0x00000006   Code   RO        11597    i.axiadc_set_pnsel  ad9361_platform.o
    0x0801c31e   0x0801c31e   0x00000002   Code   RO        11598    i.axiadc_write      ad9361_platform.o
    0x0801c320   0x0801c320   0x00000144   Code   RO        12327    i.checkDetectAesCrc  radio_module.o
    0x0801c464   0x0801c464   0x00000098   Code   RO        12091    i.checkLost         cutting.o
    0x0801c4fc   0x0801c4fc   0x00000096   Code   RO        11678    i.clk_get_rate      ad9361_util.o
    0x0801c592   0x0801c592   0x00000006   Code   RO        11679    i.clk_prepare_enable  ad9361_util.o
    0x0801c598   0x0801c598   0x00000206   Code   RO        11680    i.clk_set_rate      ad9361_util.o
    0x0801c79e   0x0801c79e   0x00000038   Code   RO        11681    i.do_div            ad9361_util.o
    0x0801c7d6   0x0801c7d6   0x00000002   PAD
    0x0801c7d8   0x0801c7d8   0x000000ac   Code   RO         7892    i.do_memp_free_pool  memp.o
    0x0801c884   0x0801c884   0x000000b4   Code   RO         7893    i.do_memp_malloc_pool  memp.o
    0x0801c938   0x0801c938   0x00000038   Code   RO         9329    i.etharp_cleanup_netif  etharp.o
    0x0801c970   0x0801c970   0x00000300   Code   RO         9331    i.etharp_find_entry  etharp.o
    0x0801cc70   0x0801cc70   0x00000040   Code   RO         9332    i.etharp_free_entry  etharp.o
    0x0801ccb0   0x0801ccb0   0x0000013c   Code   RO         9334    i.etharp_input      etharp.o
    0x0801cdec   0x0801cdec   0x00000224   Code   RO         9335    i.etharp_output     etharp.o
    0x0801d010   0x0801d010   0x00000168   Code   RO         9336    i.etharp_output_to_arp_index  etharp.o
    0x0801d178   0x0801d178   0x000002a4   Code   RO         9337    i.etharp_query      etharp.o
    0x0801d41c   0x0801d41c   0x0000018c   Code   RO         9338    i.etharp_raw        etharp.o
    0x0801d5a8   0x0801d5a8   0x00000018   Code   RO         9339    i.etharp_request    etharp.o
    0x0801d5c0   0x0801d5c0   0x0000002c   Code   RO         9340    i.etharp_request_dst  etharp.o
    0x0801d5ec   0x0801d5ec   0x000000dc   Code   RO         9341    i.etharp_tmr        etharp.o
    0x0801d6c8   0x0801d6c8   0x0000015c   Code   RO         9342    i.etharp_update_arp_entry  etharp.o
    0x0801d824   0x0801d824   0x000000c4   Code   RO         7240    i.ethernet_input    ethernet.o
    0x0801d8e8   0x0801d8e8   0x000000c4   Code   RO          479    i.ethernet_link_check_state  ethernetif.o
    0x0801d9ac   0x0801d9ac   0x00000104   Code   RO         7241    i.ethernet_output   ethernet.o
    0x0801dab0   0x0801dab0   0x00000090   Code   RO          480    i.ethernetif_init   ethernetif.o
    0x0801db40   0x0801db40   0x0000003c   Code   RO          481    i.ethernetif_input  ethernetif.o
    0x0801db7c   0x0801db7c   0x0000007e   Code   RO        10319    i.extract_uri_parameters  httpd.o
    0x0801dbfa   0x0801dbfa   0x00000002   Code   RO        12178    i.fputc             system_module.o
    0x0801dbfc   0x0801dbfc   0x00000050   Code   RO        13360    i.free              mc_w.l(malloc.o)
    0x0801dc4c   0x0801dc4c   0x0000000a   Code   RO        10149    i.fs_bytes_left     fs.o
    0x0801dc56   0x0801dc56   0x00000002   Code   RO        10150    i.fs_close          fs.o
    0x0801dc58   0x0801dc58   0x00000044   Code   RO        10151    i.fs_open           fs.o
    0x0801dc9c   0x0801dc9c   0x00000050   Code   RO        12328    i.funcSweepGen      radio_module.o
    0x0801dcec   0x0801dcec   0x000001a8   Code   RO        10320    i.get_tag_insert    httpd.o
    0x0801de94   0x0801de94   0x0000000e   Code   RO        11599    i.gpio_is_valid     ad9361_platform.o
    0x0801dea2   0x0801dea2   0x00000002   PAD
    0x0801dea4   0x0801dea4   0x0000023c   Code   RO        11600    i.gpio_set_value    ad9361_platform.o
    0x0801e0e0   0x0801e0e0   0x0000006c   Code   RO        10321    i.http_accept       httpd.o
    0x0801e14c   0x0801e14c   0x000000dc   Code   RO        10322    i.http_check_eof    httpd.o
    0x0801e228   0x0801e228   0x00000012   Code   RO        10323    i.http_close_conn   httpd.o
    0x0801e23a   0x0801e23a   0x00000002   PAD
    0x0801e23c   0x0801e23c   0x00000068   Code   RO        10324    i.http_close_or_abort_conn  httpd.o
    0x0801e2a4   0x0801e2a4   0x00000010   Code   RO        10325    i.http_eof          httpd.o
    0x0801e2b4   0x0801e2b4   0x00000012   Code   RO        10326    i.http_err          httpd.o
    0x0801e2c6   0x0801e2c6   0x00000002   PAD
    0x0801e2c8   0x0801e2c8   0x000001cc   Code   RO        10327    i.http_find_file    httpd.o
    0x0801e494   0x0801e494   0x00000064   Code   RO        10328    i.http_get_404_file  httpd.o
    0x0801e4f8   0x0801e4f8   0x000001ac   Code   RO        10329    i.http_init_file    httpd.o
    0x0801e6a4   0x0801e6a4   0x000001f0   Code   RO        10330    i.http_parse_request  httpd.o
    0x0801e894   0x0801e894   0x00000050   Code   RO        10331    i.http_poll         httpd.o
    0x0801e8e4   0x0801e8e4   0x00000144   Code   RO        10332    i.http_recv         httpd.o
    0x0801ea28   0x0801ea28   0x00000058   Code   RO        10333    i.http_send         httpd.o
    0x0801ea80   0x0801ea80   0x00000048   Code   RO        10334    i.http_send_data_nonssi  httpd.o
    0x0801eac8   0x0801eac8   0x0000048c   Code   RO        10335    i.http_send_data_ssi  httpd.o
    0x0801ef54   0x0801ef54   0x00000026   Code   RO        10336    i.http_sent         httpd.o
    0x0801ef7a   0x0801ef7a   0x00000002   PAD
    0x0801ef7c   0x0801ef7c   0x0000004c   Code   RO        12864    i.http_server_init  httpd_cgi_ssi.o
    0x0801efc8   0x0801efc8   0x000000d4   Code   RO        10337    i.http_set_cgi_handlers  httpd.o
    0x0801f09c   0x0801f09c   0x000000a0   Code   RO        10338    i.http_set_ssi_handler  httpd.o
    0x0801f13c   0x0801f13c   0x00000018   Code   RO        10339    i.http_ssi_state_alloc  httpd.o
    0x0801f154   0x0801f154   0x0000000e   Code   RO        10340    i.http_ssi_state_free  httpd.o
    0x0801f162   0x0801f162   0x00000016   Code   RO        10341    i.http_state_alloc  httpd.o
    0x0801f178   0x0801f178   0x00000030   Code   RO        10342    i.http_state_eof    httpd.o
    0x0801f1a8   0x0801f1a8   0x00000014   Code   RO        10343    i.http_state_free   httpd.o
    0x0801f1bc   0x0801f1bc   0x0000000e   Code   RO        10344    i.http_state_init   httpd.o
    0x0801f1ca   0x0801f1ca   0x00000002   PAD
    0x0801f1cc   0x0801f1cc   0x00000080   Code   RO        10345    i.http_uri_is_ssi   httpd.o
    0x0801f24c   0x0801f24c   0x00000100   Code   RO        10346    i.http_write        httpd.o
    0x0801f34c   0x0801f34c   0x000000a8   Code   RO        10347    i.httpd_init        httpd.o
    0x0801f3f4   0x0801f3f4   0x00000108   Code   RO        10348    i.httpd_init_pcb    httpd.o
    0x0801f4fc   0x0801f4fc   0x00000012   Code   RO         9432    i.icmp_dest_unreach  icmp.o
    0x0801f50e   0x0801f50e   0x00000002   PAD
    0x0801f510   0x0801f510   0x00000270   Code   RO         9433    i.icmp_input        icmp.o
    0x0801f780   0x0801f780   0x0000011c   Code   RO         9434    i.icmp_send_response  icmp.o
    0x0801f89c   0x0801f89c   0x00000012   Code   RO         9435    i.icmp_time_exceeded  icmp.o
    0x0801f8ae   0x0801f8ae   0x000000a0   Code   RO        11682    i.ilog2             ad9361_util.o
    0x0801f94e   0x0801f94e   0x00000014   Code   RO         7633    i.inet_chksum       inet_chksum.o
    0x0801f962   0x0801f962   0x0000004c   Code   RO         7635    i.inet_chksum_pseudo  inet_chksum.o
    0x0801f9ae   0x0801f9ae   0x00000084   Code   RO         7637    i.inet_cksum_pseudo_base  inet_chksum.o
    0x0801fa32   0x0801fa32   0x00000026   Code   RO        12865    i.insertSSI         httpd_cgi_ssi.o
    0x0801fa58   0x0801fa58   0x0000002a   Code   RO        11683    i.int_sqrt          ad9361_util.o
    0x0801fa82   0x0801fa82   0x0000004e   Code   RO         9553    i.ip4_addr_isbroadcast_u32  ip4_addr.o
    0x0801fad0   0x0801fad0   0x000002cc   Code   RO         9621    i.ip4_frag          ip4_frag.o
    0x0801fd9c   0x0801fd9c   0x0000019c   Code   RO         9498    i.ip4_input         ip4.o
    0x0801ff38   0x0801ff38   0x00000034   Code   RO         9499    i.ip4_input_accept  ip4.o
    0x0801ff6c   0x0801ff6c   0x00000036   Code   RO         9501    i.ip4_output_if     ip4.o
    0x0801ffa2   0x0801ffa2   0x00000002   PAD
    0x0801ffa4   0x0801ffa4   0x0000019c   Code   RO         9502    i.ip4_output_if_src  ip4.o
    0x08020140   0x08020140   0x000002fc   Code   RO         9622    i.ip4_reass         ip4_frag.o
    0x0802043c   0x0802043c   0x00000094   Code   RO         9503    i.ip4_route         ip4.o
    0x080204d0   0x080204d0   0x00000014   Code   RO         9556    i.ip4addr_ntoa      ip4_addr.o
    0x080204e4   0x080204e4   0x000000a8   Code   RO         9557    i.ip4addr_ntoa_r    ip4_addr.o
    0x0802058c   0x0802058c   0x00000012   Code   RO        11957    i.ip_addr_is_equal  eth_process.o
    0x0802059e   0x0802059e   0x00000024   Code   RO         7639    i.ip_chksum_pseudo  inet_chksum.o
    0x080205c2   0x080205c2   0x0000000a   Code   RO         9623    i.ip_frag_alloc_pbuf_custom_ref  ip4_frag.o
    0x080205cc   0x080205cc   0x00000098   Code   RO         9624    i.ip_frag_free_pbuf_custom_ref  ip4_frag.o
    0x08020664   0x08020664   0x00000304   Code   RO         9625    i.ip_reass_chain_frag_into_datagram_and_validate  ip4_frag.o
    0x08020968   0x08020968   0x000000c4   Code   RO         9626    i.ip_reass_dequeue_datagram  ip4_frag.o
    0x08020a2c   0x08020a2c   0x00000054   Code   RO         9627    i.ip_reass_enqueue_new_datagram  ip4_frag.o
    0x08020a80   0x08020a80   0x000001e0   Code   RO         9628    i.ip_reass_free_complete_datagram  ip4_frag.o
    0x08020c60   0x08020c60   0x00000088   Code   RO         9629    i.ip_reass_remove_oldest_datagram  ip4_frag.o
    0x08020ce8   0x08020ce8   0x00000034   Code   RO         9630    i.ip_reass_tmr      ip4_frag.o
    0x08020d1c   0x08020d1c   0x000000c8   Code   RO         9631    i.ipfrag_free_pbuf_custom  ip4_frag.o
    0x08020de4   0x08020de4   0x00000018   Code   RO        11958    i.is_my_ip          eth_process.o
    0x08020dfc   0x08020dfc   0x00000010   Code   RO        13412    i.log               m_wv.l(log.o)
    0x08020e0c   0x08020e0c   0x0000015c   Code   RO          482    i.low_level_init    ethernetif.o
    0x08020f68   0x08020f68   0x00000070   Code   RO          483    i.low_level_input   ethernetif.o
    0x08020fd8   0x08020fd8   0x00000098   Code   RO          484    i.low_level_output  ethernetif.o
    0x08021070   0x08021070   0x00000050   Code   RO         9075    i.lwip_cyclic_timer  timeouts.o
    0x080210c0   0x080210c0   0x0000001a   Code   RO         7561    i.lwip_htonl        def.o
    0x080210da   0x080210da   0x0000000c   Code   RO         7562    i.lwip_htons        def.o
    0x080210e6   0x080210e6   0x00000002   PAD
    0x080210e8   0x080210e8   0x0000009c   Code   RO         7713    i.lwip_init         init.o
    0x08021184   0x08021184   0x0000005e   Code   RO         7641    i.lwip_standard_chksum  inet_chksum.o
    0x080211e2   0x080211e2   0x0000003c   Code   RO         7564    i.lwip_stricmp      def.o
    0x0802121e   0x0802121e   0x0000004a   Code   RO         7566    i.lwip_strnstr      def.o
    0x08021268   0x08021268   0x00000110   Code   RO           28    i.main              main.o
    0x08021378   0x08021378   0x0000006c   Code   RO        13361    i.malloc            mc_w.l(malloc.o)
    0x080213e4   0x080213e4   0x00000012   Code   RO        11601    i.mdelay            ad9361_platform.o
    0x080213f6   0x080213f6   0x00000002   PAD
    0x080213f8   0x080213f8   0x000001c4   Code   RO         7813    i.mem_free          mem.o
    0x080215bc   0x080215bc   0x00000058   Code   RO         7814    i.mem_init          mem.o
    0x08021614   0x08021614   0x00000058   Code   RO         7815    i.mem_link_valid    mem.o
    0x0802166c   0x0802166c   0x000002a8   Code   RO         7816    i.mem_malloc        mem.o
    0x08021914   0x08021914   0x00000010   Code   RO         7817    i.mem_to_ptr        mem.o
    0x08021924   0x08021924   0x00000234   Code   RO         7818    i.mem_trim          mem.o
    0x08021b58   0x08021b58   0x000000b0   Code   RO         7894    i.memp_free         memp.o
    0x08021c08   0x08021c08   0x000000a0   Code   RO         7895    i.memp_free_pool    memp.o
    0x08021ca8   0x08021ca8   0x00000020   Code   RO         7896    i.memp_init         memp.o
    0x08021cc8   0x08021cc8   0x0000002c   Code   RO         7897    i.memp_init_pool    memp.o
    0x08021cf4   0x08021cf4   0x000000b0   Code   RO         7898    i.memp_malloc       memp.o
    0x08021da4   0x08021da4   0x00000098   Code   RO         7899    i.memp_malloc_pool  memp.o
    0x08021e3c   0x08021e3c   0x0000022c   Code   RO         7998    i.netif_add         netif.o
    0x08022068   0x08022068   0x00000018   Code   RO         8000    i.netif_do_ip_addr_changed  netif.o
    0x08022080   0x08022080   0x00000026   Code   RO         8001    i.netif_do_set_gw   netif.o
    0x080220a6   0x080220a6   0x00000002   PAD
    0x080220a8   0x080220a8   0x000000e0   Code   RO         8002    i.netif_do_set_ipaddr  netif.o
    0x08022188   0x08022188   0x00000026   Code   RO         8003    i.netif_do_set_netmask  netif.o
    0x080221ae   0x080221ae   0x00000002   PAD
    0x080221b0   0x080221b0   0x00000028   Code   RO         8005    i.netif_get_by_index  netif.o
    0x080221d8   0x080221d8   0x00000002   Code   RO         8007    i.netif_init        netif.o
    0x080221da   0x080221da   0x00000002   PAD
    0x080221dc   0x080221dc   0x000000d8   Code   RO         8009    i.netif_issue_reports  netif.o
    0x080222b4   0x080222b4   0x00000008   Code   RO         8011    i.netif_null_output_ip4  netif.o
    0x080222bc   0x080222bc   0x00000060   Code   RO         8013    i.netif_set_addr    netif.o
    0x0802231c   0x0802231c   0x0000000c   Code   RO         8014    i.netif_set_default  netif.o
    0x08022328   0x08022328   0x000000cc   Code   RO         8015    i.netif_set_down    netif.o
    0x080223f4   0x080223f4   0x000000c0   Code   RO         8018    i.netif_set_link_down  netif.o
    0x080224b4   0x080224b4   0x000000c8   Code   RO         8019    i.netif_set_link_up  netif.o
    0x0802257c   0x0802257c   0x000000c0   Code   RO         8021    i.netif_set_up      netif.o
    0x0802263c   0x0802263c   0x0000018c   Code   RO        12329    i.parsStatRxSpiFpgaBuff  radio_module.o
    0x080227c8   0x080227c8   0x00000012   Code   RO         8181    i.pbuf_add_header   pbuf.o
    0x080227da   0x080227da   0x00000002   PAD
    0x080227dc   0x080227dc   0x000000e8   Code   RO         8183    i.pbuf_add_header_impl  pbuf.o
    0x080228c4   0x080228c4   0x000002a0   Code   RO         8184    i.pbuf_alloc        pbuf.o
    0x08022b64   0x08022b64   0x000000bc   Code   RO         8185    i.pbuf_alloc_reference  pbuf.o
    0x08022c20   0x08022c20   0x00000052   Code   RO         8186    i.pbuf_alloced_custom  pbuf.o
    0x08022c72   0x08022c72   0x00000002   PAD
    0x08022c74   0x08022c74   0x00000150   Code   RO         8187    i.pbuf_cat          pbuf.o
    0x08022dc4   0x08022dc4   0x00000016   Code   RO         8188    i.pbuf_chain        pbuf.o
    0x08022dda   0x08022dda   0x00000012   Code   RO         8189    i.pbuf_clen         pbuf.o
    0x08022dec   0x08022dec   0x000000b0   Code   RO         8190    i.pbuf_clone        pbuf.o
    0x08022e9c   0x08022e9c   0x00000228   Code   RO         8192    i.pbuf_copy         pbuf.o
    0x080230c4   0x080230c4   0x00000140   Code   RO         8193    i.pbuf_copy_partial  pbuf.o
    0x08023204   0x08023204   0x0000019c   Code   RO         8195    i.pbuf_free         pbuf.o
    0x080233a0   0x080233a0   0x0000001c   Code   RO          485    i.pbuf_free_custom  ethernetif.o
    0x080233bc   0x080233bc   0x00000030   Code   RO         8197    i.pbuf_free_ooseq   pbuf.o
    0x080233ec   0x080233ec   0x00000012   Code   RO         8201    i.pbuf_header_force  pbuf.o
    0x080233fe   0x080233fe   0x00000022   Code   RO         8202    i.pbuf_header_impl  pbuf.o
    0x08023420   0x08023420   0x0000001e   Code   RO         8203    i.pbuf_init_alloced_pbuf  pbuf.o
    0x0802343e   0x0802343e   0x00000002   PAD
    0x08023440   0x08023440   0x00000010   Code   RO         8206    i.pbuf_pool_is_empty  pbuf.o
    0x08023450   0x08023450   0x00000168   Code   RO         8208    i.pbuf_realloc      pbuf.o
    0x080235b8   0x080235b8   0x0000009c   Code   RO         8209    i.pbuf_ref          pbuf.o
    0x08023654   0x08023654   0x000000f4   Code   RO         8210    i.pbuf_remove_header  pbuf.o
    0x08023748   0x08023748   0x000001c8   Code   RO         8214    i.pbuf_take         pbuf.o
    0x08023910   0x08023910   0x000001d8   Code   RO         7819    i.plug_holes        mem.o
    0x08023ae8   0x08023ae8   0x00000010   Code   RO         7820    i.ptr_to_mem        mem.o
    0x08023af8   0x08023af8   0x000001a4   Code   RO        11961    i.radio_eth_frame_input  eth_process.o
    0x08023c9c   0x08023c9c   0x00000578   Code   RO        11962    i.raw_eth_frame_input  eth_process.o
    0x08024214   0x08024214   0x000002b8   Code   RO        10630    i.register_clocks   ad9361.o
    0x080244cc   0x080244cc   0x0000011c   Code   RO        11963    i.send_udp_frame_to_mac  eth_process.o
    0x080245e8   0x080245e8   0x0000011c   Code   RO        10631    i.set_full_table_gain  ad9361.o
    0x08024704   0x08024704   0x0000020c   Code   RO        10632    i.set_split_table_gain  ad9361.o
    0x08024910   0x08024910   0x00000064   Code   RO        11602    i.spi_read          ad9361_platform.o
    0x08024974   0x08024974   0x00000060   Code   RO        11603    i.spi_write_then_read  ad9361_platform.o
    0x080249d4   0x080249d4   0x00000064   Code   RO         9076    i.sys_check_timeouts  timeouts.o
    0x08024a38   0x08024a38   0x00000008   Code   RO          487    i.sys_now           ethernetif.o
    0x08024a40   0x08024a40   0x000000d0   Code   RO         9078    i.sys_timeout       timeouts.o
    0x08024b10   0x08024b10   0x00000140   Code   RO         9079    i.sys_timeout_abs   timeouts.o
    0x08024c50   0x08024c50   0x00000028   Code   RO         9080    i.sys_timeouts_init  timeouts.o
    0x08024c78   0x08024c78   0x000001d4   Code   RO         8485    i.tcp_abandon       tcp.o
    0x08024e4c   0x08024e4c   0x0000000e   Code   RO         8486    i.tcp_abort         tcp.o
    0x08024e5a   0x08024e5a   0x00000010   Code   RO         8487    i.tcp_accept        tcp.o
    0x08024e6a   0x08024e6a   0x00000002   PAD
    0x08024e6c   0x08024e6c   0x000000a8   Code   RO         8488    i.tcp_accept_null   tcp.o
    0x08024f14   0x08024f14   0x000000c0   Code   RO         8489    i.tcp_alloc         tcp.o
    0x08024fd4   0x08024fd4   0x00000006   Code   RO         8490    i.tcp_arg           tcp.o
    0x08024fda   0x08024fda   0x00000002   PAD
    0x08024fdc   0x08024fdc   0x00000170   Code   RO         8491    i.tcp_bind          tcp.o
    0x0802514c   0x0802514c   0x000000b0   Code   RO         8493    i.tcp_close         tcp.o
    0x080251fc   0x080251fc   0x0000020c   Code   RO         8494    i.tcp_close_shutdown  tcp.o
    0x08025408   0x08025408   0x000000e8   Code   RO         8495    i.tcp_close_shutdown_fin  tcp.o
    0x080254f0   0x080254f0   0x000001d4   Code   RO         8915    i.tcp_create_segment  tcp_out.o
    0x080256c4   0x080256c4   0x000000d4   Code   RO         8498    i.tcp_eff_send_mss_netif  tcp.o
    0x08025798   0x08025798   0x000002c0   Code   RO         8916    i.tcp_enqueue_flags  tcp_out.o
    0x08025a58   0x08025a58   0x000000ac   Code   RO         8499    i.tcp_err           tcp.o
    0x08025b04   0x08025b04   0x0000009c   Code   RO         8500    i.tcp_fasttmr       tcp.o
    0x08025ba0   0x08025ba0   0x00000094   Code   RO         8501    i.tcp_free          tcp.o
    0x08025c34   0x08025c34   0x0000015c   Code   RO         8826    i.tcp_free_acked_segments  tcp_in.o
    0x08025d90   0x08025d90   0x0000009c   Code   RO         8502    i.tcp_free_listen   tcp.o
    0x08025e2c   0x08025e2c   0x00000014   Code   RO         8503    i.tcp_free_ooseq    tcp.o
    0x08025e40   0x08025e40   0x00000048   Code   RO         8827    i.tcp_get_next_optbyte  tcp_in.o
    0x08025e88   0x08025e88   0x00000034   Code   RO         8504    i.tcp_handle_closepend  tcp.o
    0x08025ebc   0x08025ebc   0x00000018   Code   RO         8505    i.tcp_init          tcp.o
    0x08025ed4   0x08025ed4   0x00000818   Code   RO         8828    i.tcp_input         tcp_in.o
    0x080266ec   0x080266ec   0x000000e8   Code   RO         8829    i.tcp_input_delayed_close  tcp_in.o
    0x080267d4   0x080267d4   0x000000dc   Code   RO         8917    i.tcp_keepalive     tcp_out.o
    0x080268b0   0x080268b0   0x00000068   Code   RO         8506    i.tcp_kill_prio     tcp.o
    0x08026918   0x08026918   0x000000d0   Code   RO         8507    i.tcp_kill_state    tcp.o
    0x080269e8   0x080269e8   0x0000003c   Code   RO         8508    i.tcp_kill_timewait  tcp.o
    0x08026a24   0x08026a24   0x000000d4   Code   RO         8509    i.tcp_listen_closed  tcp.o
    0x08026af8   0x08026af8   0x000001f4   Code   RO         8830    i.tcp_listen_input  tcp_in.o
    0x08026cec   0x08026cec   0x00000012   Code   RO         8510    i.tcp_listen_with_backlog  tcp.o
    0x08026cfe   0x08026cfe   0x00000002   PAD
    0x08026d00   0x08026d00   0x000001c4   Code   RO         8511    i.tcp_listen_with_backlog_and_err  tcp.o
    0x08026ec4   0x08026ec4   0x0000004c   Code   RO         8512    i.tcp_netif_ip_addr_changed  tcp.o
    0x08026f10   0x08026f10   0x000000d0   Code   RO         8513    i.tcp_netif_ip_addr_changed_pcblist  tcp.o
    0x08026fe0   0x08026fe0   0x00000010   Code   RO         8515    i.tcp_new_ip_type   tcp.o
    0x08026ff0   0x08026ff0   0x00000068   Code   RO         8516    i.tcp_new_port      tcp.o
    0x08027058   0x08027058   0x000000b0   Code   RO         8517    i.tcp_next_iss      tcp.o
    0x08027108   0x08027108   0x0000012c   Code   RO         8831    i.tcp_oos_insert_segment  tcp_in.o
    0x08027234   0x08027234   0x00000364   Code   RO         8918    i.tcp_output        tcp_out.o
    0x08027598   0x08027598   0x000000dc   Code   RO         8919    i.tcp_output_alloc_header  tcp_out.o
    0x08027674   0x08027674   0x00000124   Code   RO         8920    i.tcp_output_alloc_header_common  tcp_out.o
    0x08027798   0x08027798   0x000000fc   Code   RO         8921    i.tcp_output_control_segment  tcp_out.o
    0x08027894   0x08027894   0x00000124   Code   RO         8922    i.tcp_output_fill_options  tcp_out.o
    0x080279b8   0x080279b8   0x0000024c   Code   RO         8923    i.tcp_output_segment  tcp_out.o
    0x08027c04   0x08027c04   0x000000b4   Code   RO         8924    i.tcp_output_segment_busy  tcp_out.o
    0x08027cb8   0x08027cb8   0x00000130   Code   RO         8832    i.tcp_parseopt      tcp_in.o
    0x08027de8   0x08027de8   0x00000178   Code   RO         8925    i.tcp_pbuf_prealloc  tcp_out.o
    0x08027f60   0x08027f60   0x000000dc   Code   RO         8518    i.tcp_pcb_purge     tcp.o
    0x0802803c   0x0802803c   0x000001d8   Code   RO         8519    i.tcp_pcb_remove    tcp.o
    0x08028214   0x08028214   0x000000dc   Code   RO         8520    i.tcp_poll          tcp.o
    0x080282f0   0x080282f0   0x00000744   Code   RO         8833    i.tcp_process       tcp_in.o
    0x08028a34   0x08028a34   0x00000134   Code   RO         8521    i.tcp_process_refused_data  tcp.o
    0x08028b68   0x08028b68   0x00000c7c   Code   RO         8834    i.tcp_receive       tcp_in.o
    0x080297e4   0x080297e4   0x000000ac   Code   RO         8522    i.tcp_recv          tcp.o
    0x08029890   0x08029890   0x000000c4   Code   RO         8523    i.tcp_recv_null     tcp.o
    0x08029954   0x08029954   0x0000011c   Code   RO         8524    i.tcp_recved        tcp.o
    0x08029a70   0x08029a70   0x000000b4   Code   RO         8525    i.tcp_remove_listener  tcp.o
    0x08029b24   0x08029b24   0x00000104   Code   RO         8926    i.tcp_rexmit        tcp_out.o
    0x08029c28   0x08029c28   0x0000010c   Code   RO         8927    i.tcp_rexmit_fast   tcp_out.o
    0x08029d34   0x08029d34   0x000000a8   Code   RO         8928    i.tcp_rexmit_rto    tcp_out.o
    0x08029ddc   0x08029ddc   0x000000b8   Code   RO         8929    i.tcp_rexmit_rto_commit  tcp_out.o
    0x08029e94   0x08029e94   0x00000118   Code   RO         8930    i.tcp_rexmit_rto_prepare  tcp_out.o
    0x08029fac   0x08029fac   0x0000001e   Code   RO         8931    i.tcp_route         tcp_out.o
    0x08029fca   0x08029fca   0x00000002   PAD
    0x08029fcc   0x08029fcc   0x00000128   Code   RO         8932    i.tcp_rst           tcp_out.o
    0x0802a0f4   0x0802a0f4   0x000000b4   Code   RO         8526    i.tcp_seg_copy      tcp.o
    0x0802a1a8   0x0802a1a8   0x0000001a   Code   RO         8527    i.tcp_seg_free      tcp.o
    0x0802a1c2   0x0802a1c2   0x00000018   Code   RO         8528    i.tcp_segs_free     tcp.o
    0x0802a1da   0x0802a1da   0x00000002   PAD
    0x0802a1dc   0x0802a1dc   0x00000140   Code   RO         8933    i.tcp_send_empty_ack  tcp_out.o
    0x0802a31c   0x0802a31c   0x000000e0   Code   RO         8934    i.tcp_send_fin      tcp_out.o
    0x0802a3fc   0x0802a3fc   0x000000ac   Code   RO         8529    i.tcp_sent          tcp.o
    0x0802a4a8   0x0802a4a8   0x0000009c   Code   RO         8530    i.tcp_setprio       tcp.o
    0x0802a544   0x0802a544   0x00000734   Code   RO         8532    i.tcp_slowtmr       tcp.o
    0x0802ac78   0x0802ac78   0x000002d0   Code   RO         8935    i.tcp_split_unsent_seg  tcp_out.o
    0x0802af48   0x0802af48   0x00000038   Code   RO         9083    i.tcp_timer_needed  timeouts.o
    0x0802af80   0x0802af80   0x00000144   Code   RO         8835    i.tcp_timewait_input  tcp_in.o
    0x0802b0c4   0x0802b0c4   0x00000024   Code   RO         8534    i.tcp_tmr           tcp.o
    0x0802b0e8   0x0802b0e8   0x00000014   Code   RO         8836    i.tcp_trigger_input_pcb_close  tcp_in.o
    0x0802b0fc   0x0802b0fc   0x00000118   Code   RO         8536    i.tcp_update_rcv_ann_wnd  tcp.o
    0x0802b214   0x0802b214   0x00000824   Code   RO         8936    i.tcp_write         tcp_out.o
    0x0802ba38   0x0802ba38   0x000001b4   Code   RO         8937    i.tcp_write_checks  tcp_out.o
    0x0802bbec   0x0802bbec   0x00000170   Code   RO         8938    i.tcp_zero_window_probe  tcp_out.o
    0x0802bd5c   0x0802bd5c   0x00000038   Code   RO         9084    i.tcpip_tcp_timer   timeouts.o
    0x0802bd94   0x0802bd94   0x0000002c   Code   RO        11604    i.udelay            ad9361_platform.o
    0x0802bdc0   0x0802bdc0   0x00000024   Code   RO        11750    i.udpSendTlmDataToAutopilFromPRD  udp_echoserver.o
    0x0802bde4   0x0802bde4   0x00000124   Code   RO         9163    i.udp_bind          udp.o
    0x0802bf08   0x0802bf08   0x00000134   Code   RO         9165    i.udp_connect       udp.o
    0x0802c03c   0x0802c03c   0x000000ac   Code   RO         9166    i.udp_disconnect    udp.o
    0x0802c0e8   0x0802c0e8   0x00000018   Code   RO         9167    i.udp_init          udp.o
    0x0802c100   0x0802c100   0x0000024c   Code   RO         9168    i.udp_input         udp.o
    0x0802c34c   0x0802c34c   0x00000138   Code   RO         9169    i.udp_input_local_match  udp.o
    0x0802c484   0x0802c484   0x00000030   Code   RO         9170    i.udp_netif_ip_addr_changed  udp.o
    0x0802c4b4   0x0802c4b4   0x0000001c   Code   RO         9171    i.udp_new           udp.o
    0x0802c4d0   0x0802c4d0   0x00000058   Code   RO         9173    i.udp_new_port      udp.o
    0x0802c528   0x0802c528   0x0000012c   Code   RO        11751    i.udp_port_init     udp_echoserver.o
    0x0802c654   0x0802c654   0x00000048   Code   RO        11752    i.udp_receive_callback  udp_echoserver.o
    0x0802c69c   0x0802c69c   0x0000009c   Code   RO         9174    i.udp_recv          udp.o
    0x0802c738   0x0802c738   0x000000d4   Code   RO         9175    i.udp_remove        udp.o
    0x0802c80c   0x0802c80c   0x000000dc   Code   RO         9176    i.udp_send          udp.o
    0x0802c8e8   0x0802c8e8   0x00000354   Code   RO        11753    i.udp_send_ant_statistics  udp_echoserver.o
    0x0802cc3c   0x0802cc3c   0x00000062   Code   RO        11754    i.udp_send_data     udp_echoserver.o
    0x0802cc9e   0x0802cc9e   0x00000002   PAD
    0x0802cca0   0x0802cca0   0x00000160   Code   RO        11755    i.udp_send_prd_statistics  udp_echoserver.o
    0x0802ce00   0x0802ce00   0x00000024   Code   RO        11756    i.udp_send_spectrum  udp_echoserver.o
    0x0802ce24   0x0802ce24   0x000002cc   Code   RO        11757    i.udp_send_statPOVORUSTR  udp_echoserver.o
    0x0802d0f0   0x0802d0f0   0x00000024   Code   RO        11758    i.udp_send_tech     udp_echoserver.o
    0x0802d114   0x0802d114   0x00000024   Code   RO        11759    i.udp_send_test     udp_echoserver.o
    0x0802d138   0x0802d138   0x00000024   Code   RO        11760    i.udp_send_tlm_data  udp_echoserver.o
    0x0802d15c   0x0802d15c   0x00000144   Code   RO         9177    i.udp_sendto        udp.o
    0x0802d2a0   0x0802d2a0   0x00000198   Code   RO         9178    i.udp_sendto_if     udp.o
    0x0802d438   0x0802d438   0x000002b4   Code   RO         9179    i.udp_sendto_if_src  udp.o
    0x0802d6ec   0x0802d6ec   0x00000020   Code   RO        11684    i.zmalloc           ad9361_util.o
    0x0802d70c   0x0802d70c   0x00000004   Data   RO           30    .constdata          main.o
    0x0802d710   0x0802d710   0x0000000c   Data   RO          492    .constdata          ethernetif.o
    0x0802d71c   0x0802d71c   0x00000008   Data   RO         3568    .constdata          stm32h7xx_hal_dma.o
    0x0802d724   0x0802d724   0x0000005c   Data   RO         5736    .constdata          stm32h7xx_hal_fdcan.o
    0x0802d780   0x0802d780   0x00000010   Data   RO         6767    .constdata          system_stm32h7xx.o
    0x0802d790   0x0802d790   0x0000000c   Data   RO         7242    .constdata          ethernet.o
    0x0802d79c   0x0802d79c   0x00000090   Data   RO         7901    .constdata          memp.o
    0x0802d82c   0x0802d82c   0x00000050   Data   RO         8537    .constdata          tcp.o
    0x0802d87c   0x0802d87c   0x0000001c   Data   RO         9085    .constdata          timeouts.o
    0x0802d898   0x0802d898   0x00000008   Data   RO         9560    .constdata          ip4_addr.o
    0x0802d8a0   0x0802d8a0   0x0000d908   Data   RO        10152    .constdata          fs.o
    0x0803b1a8   0x0803b1a8   0x0000004c   Data   RO        10350    .constdata          httpd.o
    0x0803b1f4   0x0803b1f4   0x00001a98   Data   RO        10633    .constdata          ad9361.o
    0x0803cc8c   0x0803cc8c   0x00000008   Data   RO        11965    .constdata          eth_process.o
    0x0803cc94   0x0803cc94   0x000016c0   Data   RO        12333    .constdata          radio_module.o
    0x0803e354   0x0803e354   0x00000600   Data   RO        12825    .constdata          crc.o
    0x0803e954   0x0803e954   0x00000018   Data   RO        12867    .constdata          httpd_cgi_ssi.o
    0x0803e96c   0x0803e96c   0x00000004   PAD
    0x0803e970   0x0803e970   0x00000038   Data   RO        13413    .constdata          m_wv.l(log.o)
    0x0803e9a8   0x0803e9a8   0x00000008   Data   RO        13477    .constdata          m_wv.l(qnan.o)
    0x0803e9b0   0x0803e9b0   0x00000041   Data   RO         7714    .conststring        init.o
    0x0803e9f1   0x0803e9f1   0x00000003   PAD
    0x0803e9f4   0x0803e9f4   0x00000075   Data   RO         8538    .conststring        tcp.o
    0x0803ea69   0x0803ea69   0x00000003   PAD
    0x0803ea6c   0x0803ea6c   0x00000055   Data   RO         8939    .conststring        tcp_out.o
    0x0803eac1   0x0803eac1   0x00000003   PAD
    0x0803eac4   0x0803eac4   0x00000041   Data   RO         9344    .conststring        etharp.o
    0x0803eb05   0x0803eb05   0x00000003   PAD
    0x0803eb08   0x0803eb08   0x0000007a   Data   RO        10351    .conststring        httpd.o
    0x0803eb82   0x0803eb82   0x00000002   PAD
    0x0803eb84   0x0803eb84   0x0000005a   Data   RO        10634    .conststring        ad9361.o
    0x0803ebde   0x0803ebde   0x00000002   PAD
    0x0803ebe0   0x0803ebe0   0x0000000f   Data   RO        11275    .conststring        ad9361_api.o
    0x0803ebef   0x0803ebef   0x00000001   PAD
    0x0803ebf0   0x0803ebf0   0x000001ab   Data   RO        12868    .conststring        httpd_cgi_ssi.o
    0x0803ed9b   0x0803ed9b   0x00000001   PAD
    0x0803ed9c   0x0803ed9c   0x00000030   Data   RO        13491    Region$$Table       anon$$obj.o


    Execution Region RW_IRAM1 (Exec base: 0x20000000, Load base: 0x0803edcc, Size: 0x0001eec8, Max: 0x00020000, ABSOLUTE)

    Exec Addr    Load Addr    Size         Type   Attr      Idx    E Section Name        Object

    0x20000000        -       0x00012ec7   Zero   RW         7900    .bss                memp.o
    0x20012ec7   0x0803edcc   0x00000001   PAD
    0x20012ec8        -       0x00008000   Zero   RW            2    HEAP                startup_stm32h743xx.o
    0x2001aec8        -       0x00004000   Zero   RW            1    STACK               startup_stm32h743xx.o


    Execution Region RW_IRAM2 (Exec base: 0x24000000, Load base: 0x0803edcc, Size: 0x0007e750, Max: 0x00080000, ABSOLUTE, COMPRESSED[0x00000238])

    Exec Addr    Load Addr    Size         Type   Attr      Idx    E Section Name        Object

    0x24000000   COMPRESSED   0x00000006   Data   RW           31    .data               main.o
    0x24000006   COMPRESSED   0x00000002   PAD
    0x24000008   COMPRESSED   0x00000018   Data   RW          399    .data               lwip.o
    0x24000020   COMPRESSED   0x00000018   Data   RW          493    .data               ethernetif.o
    0x24000038   COMPRESSED   0x00000009   Data   RW         4307    .data               stm32h7xx_hal.o
    0x24000041   COMPRESSED   0x00000003   PAD
    0x24000044   COMPRESSED   0x00000008   Data   RW         6768    .data               system_stm32h7xx.o
    0x2400004c   COMPRESSED   0x0000000c   Data   RW         7821    .data               mem.o
    0x24000058   COMPRESSED   0x00000024   Data   RW         7902    .data               memp.o
    0x2400007c   COMPRESSED   0x00000009   Data   RW         8022    .data               netif.o
    0x24000085   COMPRESSED   0x00000001   Data   RW         8217    .data               pbuf.o
    0x24000086   COMPRESSED   0x00000002   PAD
    0x24000088   COMPRESSED   0x00000020   Data   RW         8539    .data               tcp.o
    0x240000a8   COMPRESSED   0x00000028   Data   RW         8838    .data               tcp_in.o
    0x240000d0   COMPRESSED   0x0000000c   Data   RW         9086    .data               timeouts.o
    0x240000dc   COMPRESSED   0x00000008   Data   RW         9180    .data               udp.o
    0x240000e4   COMPRESSED   0x00000001   Data   RW         9345    .data               etharp.o
    0x240000e5   COMPRESSED   0x00000001   PAD
    0x240000e6   COMPRESSED   0x00000002   Data   RW         9504    .data               ip4.o
    0x240000e8   COMPRESSED   0x00000006   Data   RW         9632    .data               ip4_frag.o
    0x240000ee   COMPRESSED   0x00000002   PAD
    0x240000f0   COMPRESSED   0x00000010   Data   RW        10352    .data               httpd.o
    0x24000100   COMPRESSED   0x0000001c   Data   RW        11276    .data               ad9361_api.o
    0x2400011c   COMPRESSED   0x00000010   Data   RW        11762    .data               udp_echoserver.o
    0x2400012c   COMPRESSED   0x00000004   PAD
    0x24000130   COMPRESSED   0x0000001c   Data   RW        11858    .data               service.o
    0x2400014c   COMPRESSED   0x00000030   Data   RW        11966    .data               eth_process.o
    0x2400017c   COMPRESSED   0x00000029   Data   RW        12093    .data               cutting.o
    0x240001a5   COMPRESSED   0x00000003   PAD
    0x240001a8   COMPRESSED   0x00000221   Data   RW        12181    .data               system_module.o
    0x240003c9   COMPRESSED   0x00000003   PAD
    0x240003cc   COMPRESSED   0x000000d2   Data   RW        12334    .data               radio_module.o
    0x2400049e   COMPRESSED   0x00000003   Data   RW        12510    .data               can_module.o
    0x240004a1   COMPRESSED   0x00000003   PAD
    0x240004a4   COMPRESSED   0x00000024   Data   RW        12576    .data               rs232_module.o
    0x240004c8   COMPRESSED   0x00000028   Data   RW        12634    .data               adc_module.o
    0x240004f0   COMPRESSED   0x00000008   Data   RW        12673    .data               version_build.o
    0x240004f8   COMPRESSED   0x00000162   Data   RW        12869    .data               httpd_cgi_ssi.o
    0x2400065a   COMPRESSED   0x00000002   PAD
    0x2400065c   COMPRESSED   0x00000004   Data   RW        13067    .data               mc_w.l(rand.o)
    0x24000660   COMPRESSED   0x00000004   Data   RW        13440    .data               mc_w.l(stdout.o)
    0x24000664   COMPRESSED   0x00000004   Data   RW        13445    .data               mc_w.l(mvars.o)
    0x24000668   COMPRESSED   0x00000004   Data   RW        13446    .data               mc_w.l(mvars.o)
    0x2400066c   COMPRESSED   0x00000004   Data   RW        13450    .data               mc_w.l(errno.o)
    0x24000670        -       0x00000e20   Zero   RW           29    .bss                main.o
    0x24001490        -       0x00000030   Zero   RW          398    .bss                lwip.o
    0x240014c0        -       0x0000018f   Zero   RW          491    .bss                ethernetif.o
    0x2400164f   COMPRESSED   0x00000001   PAD
    0x24001650        -       0x0000001c   Zero   RW         3139    .bss                stm32h7xx_hal_flash.o
    0x2400166c        -       0x00000018   Zero   RW         7781    .bss                ip.o
    0x24001684        -       0x00000010   Zero   RW         8837    .bss                tcp_in.o
    0x24001694        -       0x000000f0   Zero   RW         9343    .bss                etharp.o
    0x24001784        -       0x00000010   Zero   RW         9559    .bss                ip4_addr.o
    0x24001794        -       0x00000440   Zero   RW        10349    .bss                httpd.o
    0x24001bd4        -       0x00000048   Zero   RW        11761    .bss                udp_echoserver.o
    0x24001c1c        -       0x00000200   Zero   RW        11857    .bss                service.o
    0x24001e1c        -       0x00000c16   Zero   RW        11964    .bss                eth_process.o
    0x24002a32   COMPRESSED   0x00000002   PAD
    0x24002a34        -       0x00075ae8   Zero   RW        12092    .bss                cutting.o
    0x2407851c   COMPRESSED   0x00000004   PAD
    0x24078520        -       0x00000234   Zero   RW        12179    .bss                system_module.o
    0x24078754   COMPRESSED   0x00000004   PAD
    0x24078758        -       0x00005f78   Zero   RW        12332    .bss                radio_module.o
    0x2407e6d0        -       0x00000010   Zero   RW        12509    .bss                can_module.o
    0x2407e6e0        -       0x00000026   Zero   RW        12575    .bss                rs232_module.o
    0x2407e706   COMPRESSED   0x00000002   PAD
    0x2407e708        -       0x00000030   Zero   RW        12632    .bss                adc_module.o
    0x2407e738        -       0x00000018   Zero   RW        12866    .bss                httpd_cgi_ssi.o



  Load Region LR$$.ARM.__AT_0x30040000 (Base: 0x30040000, Size: 0x00000000, Max: 0x00000060, ABSOLUTE)

    Execution Region ER$$.ARM.__AT_0x30040000 (Exec base: 0x30040000, Load base: 0x30040000, Size: 0x00000060, Max: 0x00000060, ABSOLUTE, UNINIT)

    Exec Addr    Load Addr    Size         Type   Attr      Idx    E Section Name        Object

    0x30040000        -       0x00000060   Zero   RW          488    .ARM.__AT_0x30040000  ethernetif.o



  Load Region LR$$.ARM.__AT_0x30040060 (Base: 0x30040060, Size: 0x00000000, Max: 0x00000060, ABSOLUTE)

    Execution Region ER$$.ARM.__AT_0x30040060 (Exec base: 0x30040060, Load base: 0x30040060, Size: 0x00000060, Max: 0x00000060, ABSOLUTE, UNINIT)

    Exec Addr    Load Addr    Size         Type   Attr      Idx    E Section Name        Object

    0x30040060        -       0x00000060   Zero   RW          489    .ARM.__AT_0x30040060  ethernetif.o



  Load Region LR$$.ARM.__AT_0x30040200 (Base: 0x30040200, Size: 0x00000000, Max: 0x00001800, ABSOLUTE)

    Execution Region ER$$.ARM.__AT_0x30040200 (Exec base: 0x30040200, Load base: 0x30040200, Size: 0x00001800, Max: 0x00001800, ABSOLUTE, UNINIT)

    Exec Addr    Load Addr    Size         Type   Attr      Idx    E Section Name        Object

    0x30040200        -       0x00001800   Zero   RW          490    .ARM.__AT_0x30040200  ethernetif.o



  Load Region LR$$.ARM.__AT_0x30042000 (Base: 0x30042000, Size: 0x00000000, Max: 0x00001000, ABSOLUTE)

    Execution Region ER$$.ARM.__AT_0x30042000 (Exec base: 0x30042000, Load base: 0x30042000, Size: 0x00001000, Max: 0x00001000, ABSOLUTE, UNINIT)

    Exec Addr    Load Addr    Size         Type   Attr      Idx    E Section Name        Object

    0x30042000        -       0x00001000   Zero   RW        12330    .ARM.__AT_0x30042000  radio_module.o



  Load Region LR$$.ARM.__AT_0x30043000 (Base: 0x30043000, Size: 0x00000000, Max: 0x00000e34, ABSOLUTE)

    Execution Region ER$$.ARM.__AT_0x30043000 (Exec base: 0x30043000, Load base: 0x30043000, Size: 0x00000e34, Max: 0x00000e34, ABSOLUTE, UNINIT)

    Exec Addr    Load Addr    Size         Type   Attr      Idx    E Section Name        Object

    0x30043000        -       0x00000e34   Zero   RW        12331    .ARM.__AT_0x30043000  radio_module.o


==============================================================================

Image component sizes


      Code (inc. data)   RO Data    RW Data    ZI Data      Debug   Object Name

     30360       5362       6898          0          0     156984   ad9361.o
      3990        586         15         28          0      14590   ad9361_api.o
       860         44          0          0          0       7150   ad9361_platform.o
      1016         32          0          0          0       6359   ad9361_util.o
       620        108          0         40         48       3327   adc_module.o
         0          0          0          0          0       2180   auth.o
       626         54          0          3         16       5823   can_module.o
        92         10       1536          0          0       1744   crc.o
      1776        140          0         41     482024       8722   cutting.o
       172          0          0          0          0       2880   def.o
         0          0          0          0          0        600   err.o
      3472        130          8         48       3094      30302   eth_process.o
      3820       1206         65          1        240      12227   etharp.o
       456        154         12          0          0       2734   ethernet.o
      1552        198         12         24       6735      55655   ethernetif.o
        80          4      55560          0          0       4846   fs.o
      5614       1684        198         16       1088      32540   httpd.o
      2744        698        451        354         24      11746   httpd_cgi_ssi.o
       944        352          0          0          0       4690   icmp.o
       358          0          0          0          0      12549   inet_chksum.o
       156         92         65          0          0       2804   init.o
         0          0          0          0         24       7737   ip.o
      1078        184          0          2          0       5620   ip4.o
       266          4          8          0         16      10370   ip4_addr.o
      3562       1192          0          6          0      12498   ip4_frag.o
       610          0          0          0          0       3589   lan8742.o
      1244         70          0         24         48       2384   lwip.o
      2878        188          4          6       3616    1475768   main.o
      2376        968          0         12          0       8142   mem.o
      1092        718        144         36      77511      12953   memp.o
      2042       1000          0          9          0      15380   netif.o
      4390       2020          0          1          0      29259   pbuf.o
      6192        686       5824        210      32172     120432   radio_module.o
       404          0          0          0          0       7192   ringbuffer_fifo.o
      1316        164          0         36         38       5259   rs232_module.o
      8036        198          0         28        512      16018   service.o
         0          0          0          0          0       2002   slipif.o
        36          8        664          0      49152        832   startup_stm32h743xx.o
       292         56          0          9          0       5105   stm32h7xx_hal.o
      3174        160          0          0          0      75417   stm32h7xx_hal_adc.o
      2284         94          0          0          0      71879   stm32h7xx_hal_adc_ex.o
       502         38          0          0          0      40973   stm32h7xx_hal_cortex.o
      6268        124          8          0          0      11501   stm32h7xx_hal_dma.o
      4388         86          0          0          0      20471   stm32h7xx_hal_eth.o
      3640         52         92          0          0      22991   stm32h7xx_hal_fdcan.o
       704         70          0          0         28      14386   stm32h7xx_hal_flash.o
       596         30          0          0          0       2761   stm32h7xx_hal_flash_ex.o
       576         56          0          0          0       3638   stm32h7xx_hal_gpio.o
      1864        138          0          0          0       5664   stm32h7xx_hal_msp.o
        96          6          0          0          0        761   stm32h7xx_hal_pwr_ex.o
      3304        100          0          0          0       6528   stm32h7xx_hal_rcc.o
      6116        174          0          0          0      10345   stm32h7xx_hal_rcc_ex.o
      5666         66          0          0          0      20414   stm32h7xx_hal_spi.o
       760         40          0          0          0       5743   stm32h7xx_hal_tim.o
       126         10          0          0          0       3048   stm32h7xx_hal_tim_ex.o
      8668        216          0          0          0      21272   stm32h7xx_hal_uart.o
       384         18          0          0          0       5382   stm32h7xx_hal_uart_ex.o
       420        116          0          0          0      48987   stm32h7xx_it.o
      1680        204          0        545        564      14520   system_module.o
       168         22         16          8          0       1258   system_stm32h7xx.o
      9508       4380        197         32          0      48436   tcp.o
      9228       2264          0         40         16      22943   tcp_in.o
     10098       4076         85          0          0      33790   tcp_out.o
       860        376         28         12          0       6814   timeouts.o
      3872       1798          0          8          0      14546   udp.o
      2570        144          0         16         72       9532   udp_echoserver.o
         0          0          0          8          0        227   version_build.o

    ----------------------------------------------------------------------
    182184      33168      71960       1628     657052    2665219   Object Totals
         0          0         48          0          0          0   (incl. Generated)
       142          0         22         25         14          0   (incl. Padding)

    ----------------------------------------------------------------------

      Code (inc. data)   RO Data    RW Data    ZI Data      Debug   Library Member Name

        62         32          0          0          0        348   dunder.o
       588         92         56          0          0        436   log.o
       256         42          0          0          0        188   log10.o
       112          0          0          0          0        116   poly.o
         0          0          8          0          0          0   qnan.o
        86          0          0          0          0          0   __dczerorl2.o
         0          0          0          0          0          0   entry.o
         0          0          0          0          0          0   entry10a.o
         0          0          0          0          0          0   entry11a.o
         4          0          0          0          0          0   entry12b.o
         8          4          0          0          0          0   entry2.o
         4          0          0          0          0          0   entry5.o
         0          0          0          0          0          0   entry7b.o
         0          0          0          0          0          0   entry8b.o
         8          4          0          0          0          0   entry9a.o
        12          6          0          4          0         68   errno.o
        30          0          0          0          0          0   handlers.o
        36          8          0          0          0         68   init.o
         0          0          0          0          0          0   iusefp.o
        30          0          0          0          0         68   llshl.o
        32          0          0          0          0         68   llushr.o
       188         20          0          0          0        160   malloc.o
        26          0          0          0          0         80   memcmp.o
        64          0          0          0          0         76   memmovea.o
        36          0          0          0          0        108   memseta.o
         0          0          0          8          0          0   mvars.o
      1192         60          0          0          0        504   printf8.o
        36         10          0          4          0        136   rand.o
         0          0          0          4          0          0   stdout.o
        20          0          0          0          0         68   strchr.o
        28          0          0          0          0         76   strcmp.o
        18          0          0          0          0         68   strcpy.o
        14          0          0          0          0         68   strlen.o
        30          0          0          0          0         80   strncmp.o
        36          0          0          0          0         80   strstr.o
        98          0          0          0          0         92   uldiv.o
       186          0          0          0          0        176   depilogue.o
        24          0          0          0          0         76   dfltul.o

    ----------------------------------------------------------------------
      3276        282         64         20          0       3208   Library Totals
        12          4          0          0          0          0   (incl. Padding)

    ----------------------------------------------------------------------

      Code (inc. data)   RO Data    RW Data    ZI Data      Debug   Library Name

      1018        166         64          0          0       1088   m_wv.l
      2036        112          0         20          0       1868   mc_w.l
       210          0          0          0          0        252   mf_w.l

    ----------------------------------------------------------------------
      3276        282         64         20          0       3208   Library Totals

    ----------------------------------------------------------------------

==============================================================================


      Code (inc. data)   RO Data    RW Data    ZI Data      Debug   

    185460      33450      72024       1648     657052    2592767   Grand Totals
    185460      33450      72024        568     657052    2592767   ELF Image Totals (compressed)
    185460      33450      72024        568          0          0   ROM Totals

==============================================================================

    Total RO  Size (Code + RO Data)               257484 ( 251.45kB)
    Total RW  Size (RW Data + ZI Data)            658700 ( 643.26kB)
    Total ROM Size (Code + RO Data + RW Data)     258052 ( 252.00kB)

==============================================================================

